09:17:38 device mps; 72 train / 8 val episodes from out/demos/ball; task: 'put the red ball in the crate'
09:17:59   loaded 20/72 episodes
09:18:10   loaded 40/72 episodes
09:18:18   loaded 60/72 episodes
09:18:26 25509 train rows, 2767 val rows, frames at 128 px
09:18:37 step     25  loss 13.3493  l1 0.5752  kl 1.277  0.41s/step  eta 2.2h
09:18:45 step     50  loss 3.4527  l1 0.2822  kl 0.317  0.38s/step  eta 2.1h
09:18:54 step     75  loss 2.8588  l1 0.2582  kl 0.260  0.36s/step  eta 2.0h
09:19:02 step    100  loss 2.6712  l1 0.2420  kl 0.243  0.35s/step  eta 2.0h
09:19:10 step    125  loss 2.4538  l1 0.1905  kl 0.226  0.35s/step  eta 1.9h
09:19:18 step    150  loss 2.2389  l1 0.1791  kl 0.206  0.35s/step  eta 1.9h
09:19:27 step    175  loss 2.1090  l1 0.1818  kl 0.193  0.34s/step  eta 1.9h
09:19:35 step    200  loss 2.0434  l1 0.1709  kl 0.187  0.34s/step  eta 1.9h
09:19:43 step    225  loss 1.8969  l1 0.1537  kl 0.174  0.34s/step  eta 1.9h
09:19:51 step    250  loss 1.7836  l1 0.1563  kl 0.163  0.34s/step  eta 1.9h
09:19:54   val l1 0.1254 (best 0.1254)  *  -> last.pt
09:20:02 step    275  loss 1.7004  l1 0.1555  kl 0.154  0.35s/step  eta 1.9h
09:20:10 step    300  loss 1.6443  l1 0.1572  kl 0.149  0.35s/step  eta 1.9h
09:20:18 step    325  loss 1.6016  l1 0.1511  kl 0.145  0.34s/step  eta 1.9h
09:20:26 step    350  loss 1.4575  l1 0.1374  kl 0.132  0.34s/step  eta 1.9h
09:20:35 step    375  loss 1.4281  l1 0.1436  kl 0.128  0.34s/step  eta 1.9h
09:20:43 step    400  loss 1.3625  l1 0.1290  kl 0.123  0.34s/step  eta 1.9h
09:20:51 step    425  loss 1.3331  l1 0.1223  kl 0.121  0.34s/step  eta 1.9h
09:20:59 step    450  loss 1.2361  l1 0.1250  kl 0.111  0.34s/step  eta 1.8h
09:21:07 step    475  loss 1.1980  l1 0.1241  kl 0.107  0.34s/step  eta 1.8h
09:21:15 step    500  loss 1.1096  l1 0.1207  kl 0.099  0.34s/step  eta 1.8h
09:21:18   val l1 0.0909 (best 0.0909)  *  -> last.pt
09:21:27 step    525  loss 1.0484  l1 0.1128  kl 0.094  0.34s/step  eta 1.9h
09:21:36 step    550  loss 1.0037  l1 0.1115  kl 0.089  0.34s/step  eta 1.9h
09:21:44 step    575  loss 0.9106  l1 0.1081  kl 0.080  0.34s/step  eta 1.9h
09:21:52 step    600  loss 0.8676  l1 0.1117  kl 0.076  0.34s/step  eta 1.8h
09:22:00 step    625  loss 0.8426  l1 0.1112  kl 0.073  0.34s/step  eta 1.8h
09:22:08 step    650  loss 0.7861  l1 0.1000  kl 0.069  0.34s/step  eta 1.8h
09:22:16 step    675  loss 0.7513  l1 0.1077  kl 0.064  0.34s/step  eta 1.8h
09:22:24 step    700  loss 0.7004  l1 0.0987  kl 0.060  0.34s/step  eta 1.8h
09:22:33 step    725  loss 0.6570  l1 0.0958  kl 0.056  0.34s/step  eta 1.8h
09:22:41 step    750  loss 0.6239  l1 0.0914  kl 0.053  0.34s/step  eta 1.8h
09:22:44   val l1 0.0767 (best 0.0767)  *  -> last.pt
09:22:52 step    775  loss 0.5901  l1 0.0958  kl 0.049  0.34s/step  eta 1.8h
09:23:00 step    800  loss 0.5726  l1 0.0893  kl 0.048  0.34s/step  eta 1.8h
09:23:08 step    825  loss 0.5376  l1 0.0897  kl 0.045  0.34s/step  eta 1.8h
09:23:16 step    850  loss 0.5328  l1 0.0892  kl 0.044  0.34s/step  eta 1.8h
09:23:24 step    875  loss 0.4926  l1 0.0819  kl 0.041  0.34s/step  eta 1.8h
09:23:33 step    900  loss 0.4797  l1 0.0816  kl 0.040  0.34s/step  eta 1.8h
09:23:41 step    925  loss 0.4449  l1 0.0820  kl 0.036  0.34s/step  eta 1.8h
09:23:49 step    950  loss 0.4289  l1 0.0859  kl 0.034  0.34s/step  eta 1.8h
09:23:57 step    975  loss 0.3989  l1 0.0789  kl 0.032  0.34s/step  eta 1.8h
09:24:05 step   1000  loss 0.3876  l1 0.0740  kl 0.031  0.34s/step  eta 1.8h
09:24:08   val l1 0.0587 (best 0.0587)  *  -> last.pt
09:24:16 step   1025  loss 0.3716  l1 0.0766  kl 0.030  0.34s/step  eta 1.8h
09:24:24 step   1050  loss 0.3425  l1 0.0789  kl 0.026  0.34s/step  eta 1.8h
09:24:33 step   1075  loss 0.3434  l1 0.0772  kl 0.027  0.34s/step  eta 1.8h
09:24:41 step   1100  loss 0.3303  l1 0.0748  kl 0.026  0.34s/step  eta 1.8h
09:24:49 step   1125  loss 0.3194  l1 0.0742  kl 0.025  0.34s/step  eta 1.8h
09:24:57 step   1150  loss 0.3197  l1 0.0729  kl 0.025  0.34s/step  eta 1.8h
09:25:05 step   1175  loss 0.2968  l1 0.0767  kl 0.022  0.34s/step  eta 1.8h
09:25:13 step   1200  loss 0.2980  l1 0.0756  kl 0.022  0.34s/step  eta 1.8h
09:25:21 step   1225  loss 0.2738  l1 0.0741  kl 0.020  0.34s/step  eta 1.8h
09:25:29 step   1250  loss 0.2570  l1 0.0686  kl 0.019  0.34s/step  eta 1.8h
09:25:31   val l1 0.0606 (best 0.0587)  -> last.pt
09:25:38 step   1275  loss 0.2566  l1 0.0657  kl 0.019  0.34s/step  eta 1.8h
09:25:46 step   1300  loss 0.2651  l1 0.0708  kl 0.019  0.34s/step  eta 1.8h
09:25:55 step   1325  loss 0.2503  l1 0.0711  kl 0.018  0.34s/step  eta 1.8h
09:26:03 step   1350  loss 0.2404  l1 0.0672  kl 0.017  0.34s/step  eta 1.8h
09:26:12 step   1375  loss 0.2325  l1 0.0675  kl 0.016  0.34s/step  eta 1.7h
09:26:20 step   1400  loss 0.2352  l1 0.0670  kl 0.017  0.34s/step  eta 1.7h
09:26:28 step   1425  loss 0.2201  l1 0.0680  kl 0.015  0.34s/step  eta 1.7h
09:26:36 step   1450  loss 0.2217  l1 0.0663  kl 0.016  0.34s/step  eta 1.7h
09:26:45 step   1475  loss 0.2236  l1 0.0629  kl 0.016  0.34s/step  eta 1.7h
09:26:52 step   1500  loss 0.2132  l1 0.0635  kl 0.015  0.34s/step  eta 1.7h
09:26:54   val l1 0.0656 (best 0.0587)  -> last.pt
09:27:02 step   1525  loss 0.2032  l1 0.0592  kl 0.014  0.34s/step  eta 1.7h
09:27:10 step   1550  loss 0.1927  l1 0.0575  kl 0.014  0.34s/step  eta 1.7h
09:27:17 step   1575  loss 0.1933  l1 0.0604  kl 0.013  0.34s/step  eta 1.7h
09:27:25 step   1600  loss 0.1950  l1 0.0597  kl 0.014  0.34s/step  eta 1.7h
09:27:33 step   1625  loss 0.1935  l1 0.0622  kl 0.013  0.34s/step  eta 1.7h
09:27:40 step   1650  loss 0.1937  l1 0.0623  kl 0.013  0.34s/step  eta 1.7h
09:27:47 step   1675  loss 0.1791  l1 0.0611  kl 0.012  0.33s/step  eta 1.7h
09:27:55 step   1700  loss 0.1775  l1 0.0624  kl 0.012  0.33s/step  eta 1.7h
09:28:03 step   1725  loss 0.1718  l1 0.0579  kl 0.011  0.33s/step  eta 1.7h
09:28:10 step   1750  loss 0.1709  l1 0.0594  kl 0.011  0.33s/step  eta 1.7h
09:28:12   val l1 0.0563 (best 0.0563)  *  -> last.pt
09:28:19 step   1775  loss 0.1676  l1 0.0603  kl 0.011  0.33s/step  eta 1.7h
09:28:27 step   1800  loss 0.1595  l1 0.0552  kl 0.010  0.33s/step  eta 1.7h
09:28:33 step   1825  loss 0.1539  l1 0.0553  kl 0.010  0.33s/step  eta 1.7h
09:28:40 step   1850  loss 0.1566  l1 0.0569  kl 0.010  0.33s/step  eta 1.7h
09:28:47 step   1875  loss 0.1580  l1 0.0573  kl 0.010  0.33s/step  eta 1.7h
09:28:54 step   1900  loss 0.1500  l1 0.0539  kl 0.010  0.33s/step  eta 1.7h
09:29:02 step   1925  loss 0.1534  l1 0.0562  kl 0.010  0.33s/step  eta 1.7h
09:29:09 step   1950  loss 0.1460  l1 0.0573  kl 0.009  0.33s/step  eta 1.7h
09:29:15 step   1975  loss 0.1454  l1 0.0551  kl 0.009  0.33s/step  eta 1.6h
09:29:20 step   2000  loss 0.1411  l1 0.0528  kl 0.009  0.33s/step  eta 1.6h
09:29:22   val l1 0.0490 (best 0.0490)  *  -> last.pt
09:29:27 step   2025  loss 0.1476  l1 0.0545  kl 0.009  0.33s/step  eta 1.6h
09:29:32 step   2050  loss 0.1409  l1 0.0560  kl 0.008  0.32s/step  eta 1.6h
09:29:37 step   2075  loss 0.1404  l1 0.0516  kl 0.009  0.32s/step  eta 1.6h
09:29:42 step   2100  loss 0.1363  l1 0.0538  kl 0.008  0.32s/step  eta 1.6h
09:29:47 step   2125  loss 0.1259  l1 0.0528  kl 0.007  0.32s/step  eta 1.6h
09:29:53 step   2150  loss 0.1359  l1 0.0571  kl 0.008  0.32s/step  eta 1.6h
09:30:00 step   2175  loss 0.1290  l1 0.0552  kl 0.007  0.32s/step  eta 1.6h
09:30:05 step   2200  loss 0.1290  l1 0.0550  kl 0.007  0.32s/step  eta 1.6h
09:30:10 step   2225  loss 0.1274  l1 0.0524  kl 0.008  0.32s/step  eta 1.6h
09:30:15 step   2250  loss 0.1241  l1 0.0515  kl 0.007  0.31s/step  eta 1.6h
09:30:17   val l1 0.0459 (best 0.0459)  *  -> last.pt
09:30:22 step   2275  loss 0.1186  l1 0.0536  kl 0.007  0.31s/step  eta 1.5h
09:30:26 step   2300  loss 0.1218  l1 0.0553  kl 0.007  0.31s/step  eta 1.5h
09:30:31 step   2325  loss 0.1141  l1 0.0517  kl 0.006  0.31s/step  eta 1.5h
09:30:36 step   2350  loss 0.1194  l1 0.0511  kl 0.007  0.31s/step  eta 1.5h
09:30:40 step   2375  loss 0.1108  l1 0.0498  kl 0.006  0.31s/step  eta 1.5h
09:30:45 step   2400  loss 0.1111  l1 0.0519  kl 0.006  0.31s/step  eta 1.5h
09:30:49 step   2425  loss 0.1075  l1 0.0508  kl 0.006  0.31s/step  eta 1.5h
09:30:54 step   2450  loss 0.1103  l1 0.0525  kl 0.006  0.31s/step  eta 1.5h
09:30:58 step   2475  loss 0.1118  l1 0.0528  kl 0.006  0.30s/step  eta 1.5h
09:31:03 step   2500  loss 0.1062  l1 0.0486  kl 0.006  0.30s/step  eta 1.5h
09:31:04   val l1 0.0523 (best 0.0459)  -> last.pt
09:31:09 step   2525  loss 0.1131  l1 0.0535  kl 0.006  0.30s/step  eta 1.5h
09:31:15 step   2550  loss 0.1126  l1 0.0528  kl 0.006  0.30s/step  eta 1.5h
09:31:22 step   2575  loss 0.1006  l1 0.0468  kl 0.005  0.30s/step  eta 1.5h
09:32:04 step   2600  loss 0.1064  l1 0.0488  kl 0.006  0.31s/step  eta 1.5h
09:32:16 step   2625  loss 0.1083  l1 0.0510  kl 0.006  0.32s/step  eta 1.5h
09:32:25 step   2650  loss 0.1026  l1 0.0490  kl 0.005  0.32s/step  eta 1.5h
09:32:34 step   2675  loss 0.0997  l1 0.0484  kl 0.005  0.32s/step  eta 1.5h
09:32:44 step   2700  loss 0.1000  l1 0.0477  kl 0.005  0.32s/step  eta 1.5h
09:32:55 step   2725  loss 0.0944  l1 0.0452  kl 0.005  0.32s/step  eta 1.5h
09:33:00 step   2750  loss 0.0963  l1 0.0473  kl 0.005  0.32s/step  eta 1.5h
09:33:01   val l1 0.0454 (best 0.0454)  *  -> last.pt
09:33:42 step   2775  loss 0.0975  l1 0.0486  kl 0.005  0.33s/step  eta 1.6h
09:33:57 step   2800  loss 0.0983  l1 0.0473  kl 0.005  0.33s/step  eta 1.6h
09:34:12 step   2825  loss 0.0948  l1 0.0475  kl 0.005  0.33s/step  eta 1.6h
09:44:04 step   2850  loss 0.0924  l1 0.0462  kl 0.005  0.54s/step  eta 2.6h
09:44:33 step   2875  loss 0.0923  l1 0.0468  kl 0.005  0.54s/step  eta 2.6h
09:46:49 step   2900  loss 0.0933  l1 0.0479  kl 0.005  0.59s/step  eta 2.8h
09:47:16 step   2925  loss 0.0948  l1 0.0520  kl 0.004  0.59s/step  eta 2.8h
10:14:34 step   2950  loss 0.0917  l1 0.0475  kl 0.004  1.14s/step  eta 5.4h
10:15:06 step   2975  loss 0.0883  l1 0.0451  kl 0.004  1.14s/step  eta 5.4h
10:15:20 step   3000  loss 0.0853  l1 0.0462  kl 0.004  1.14s/step  eta 5.4h
10:15:26   val l1 0.0429 (best 0.0429)  *  -> last.pt
10:15:40 step   3025  loss 0.0853  l1 0.0457  kl 0.004  1.13s/step  eta 5.4h
10:15:55 step   3050  loss 0.0877  l1 0.0475  kl 0.004  1.13s/step  eta 5.3h
10:16:10 step   3075  loss 0.0865  l1 0.0453  kl 0.004  1.13s/step  eta 5.3h
10:16:25 step   3100  loss 0.0826  l1 0.0453  kl 0.004  1.12s/step  eta 5.3h
10:16:35 step   3125  loss 0.0857  l1 0.0467  kl 0.004  1.12s/step  eta 5.2h
10:16:43 step   3150  loss 0.0795  l1 0.0436  kl 0.004  1.11s/step  eta 5.2h
10:16:52 step   3175  loss 0.0806  l1 0.0424  kl 0.004  1.10s/step  eta 5.2h
10:17:01 step   3200  loss 0.0843  l1 0.0461  kl 0.004  1.10s/step  eta 5.1h
10:17:09 step   3225  loss 0.0803  l1 0.0437  kl 0.004  1.09s/step  eta 5.1h
10:17:17 step   3250  loss 0.0766  l1 0.0435  kl 0.003  1.09s/step  eta 5.1h
10:17:20   val l1 0.0395 (best 0.0395)  *  -> last.pt
10:17:28 step   3275  loss 0.0811  l1 0.0439  kl 0.004  1.08s/step  eta 5.0h
10:17:37 step   3300  loss 0.0770  l1 0.0436  kl 0.003  1.08s/step  eta 5.0h
10:17:45 step   3325  loss 0.0822  l1 0.0454  kl 0.004  1.07s/step  eta 5.0h
10:17:54 step   3350  loss 0.0765  l1 0.0431  kl 0.003  1.06s/step  eta 4.9h
10:18:02 step   3375  loss 0.0748  l1 0.0430  kl 0.003  1.06s/step  eta 4.9h
10:18:11 step   3400  loss 0.0766  l1 0.0447  kl 0.003  1.05s/step  eta 4.9h
10:18:19 step   3425  loss 0.0764  l1 0.0450  kl 0.003  1.05s/step  eta 4.8h
10:18:27 step   3450  loss 0.0735  l1 0.0427  kl 0.003  1.04s/step  eta 4.8h
10:18:35 step   3475  loss 0.0761  l1 0.0428  kl 0.003  1.04s/step  eta 4.8h
10:18:43 step   3500  loss 0.0774  l1 0.0464  kl 0.003  1.03s/step  eta 4.7h
10:18:46   val l1 0.0361 (best 0.0361)  *  -> last.pt
10:18:54 step   3525  loss 0.0760  l1 0.0459  kl 0.003  1.03s/step  eta 4.7h
10:19:02 step   3550  loss 0.0737  l1 0.0461  kl 0.003  1.02s/step  eta 4.7h
10:19:10 step   3575  loss 0.0753  l1 0.0454  kl 0.003  1.02s/step  eta 4.6h
10:19:19 step   3600  loss 0.0696  l1 0.0421  kl 0.003  1.01s/step  eta 4.6h
10:19:26 step   3625  loss 0.0705  l1 0.0434  kl 0.003  1.01s/step  eta 4.6h
10:19:33 step   3650  loss 0.0717  l1 0.0424  kl 0.003  1.00s/step  eta 4.6h
10:19:40 step   3675  loss 0.0664  l1 0.0407  kl 0.003  1.00s/step  eta 4.5h
10:19:47 step   3700  loss 0.0691  l1 0.0413  kl 0.003  0.99s/step  eta 4.5h
10:19:54 step   3725  loss 0.0691  l1 0.0417  kl 0.003  0.99s/step  eta 4.5h
10:20:01 step   3750  loss 0.0684  l1 0.0423  kl 0.003  0.99s/step  eta 4.4h
10:20:03   val l1 0.0372 (best 0.0361)  -> last.pt
10:20:13 step   3775  loss 0.0686  l1 0.0421  kl 0.003  0.98s/step  eta 4.4h
10:20:21 step   3800  loss 0.0666  l1 0.0422  kl 0.002  0.98s/step  eta 4.4h
10:20:29 step   3825  loss 0.0649  l1 0.0387  kl 0.003  0.97s/step  eta 4.4h
10:20:36 step   3850  loss 0.0680  l1 0.0426  kl 0.003  0.97s/step  eta 4.3h
10:20:43 step   3875  loss 0.0701  l1 0.0432  kl 0.003  0.96s/step  eta 4.3h
10:20:50 step   3900  loss 0.0648  l1 0.0389  kl 0.003  0.96s/step  eta 4.3h
10:20:57 step   3925  loss 0.0669  l1 0.0392  kl 0.003  0.96s/step  eta 4.3h
10:21:04 step   3950  loss 0.0648  l1 0.0393  kl 0.003  0.95s/step  eta 4.2h
10:21:11 step   3975  loss 0.0641  l1 0.0415  kl 0.002  0.95s/step  eta 4.2h
10:21:17 step   4000  loss 0.0617  l1 0.0395  kl 0.002  0.94s/step  eta 4.2h
10:21:19   val l1 0.0398 (best 0.0361)  -> last.pt
10:21:27 step   4025  loss 0.0631  l1 0.0401  kl 0.002  0.94s/step  eta 4.2h
10:21:34 step   4050  loss 0.0621  l1 0.0386  kl 0.002  0.94s/step  eta 4.1h
10:21:41 step   4075  loss 0.0642  l1 0.0407  kl 0.002  0.93s/step  eta 4.1h
10:21:48 step   4100  loss 0.0618  l1 0.0412  kl 0.002  0.93s/step  eta 4.1h
10:21:55 step   4125  loss 0.0634  l1 0.0417  kl 0.002  0.92s/step  eta 4.1h
10:22:02 step   4150  loss 0.0615  l1 0.0403  kl 0.002  0.92s/step  eta 4.0h
10:22:09 step   4175  loss 0.0606  l1 0.0412  kl 0.002  0.92s/step  eta 4.0h
10:22:16 step   4200  loss 0.0600  l1 0.0402  kl 0.002  0.91s/step  eta 4.0h
10:22:24 step   4225  loss 0.0595  l1 0.0388  kl 0.002  0.91s/step  eta 4.0h
10:22:31 step   4250  loss 0.0547  l1 0.0364  kl 0.002  0.90s/step  eta 4.0h
10:22:34   val l1 0.0332 (best 0.0332)  *  -> last.pt
10:22:40 step   4275  loss 0.0577  l1 0.0376  kl 0.002  0.90s/step  eta 3.9h
10:22:47 step   4300  loss 0.0550  l1 0.0357  kl 0.002  0.90s/step  eta 3.9h
10:22:54 step   4325  loss 0.0573  l1 0.0379  kl 0.002  0.89s/step  eta 3.9h
10:23:01 step   4350  loss 0.0611  l1 0.0424  kl 0.002  0.89s/step  eta 3.9h
10:23:08 step   4375  loss 0.0600  l1 0.0422  kl 0.002  0.89s/step  eta 3.9h
10:23:14 step   4400  loss 0.0610  l1 0.0403  kl 0.002  0.88s/step  eta 3.8h
10:23:21 step   4425  loss 0.0537  l1 0.0357  kl 0.002  0.88s/step  eta 3.8h
10:23:28 step   4450  loss 0.0585  l1 0.0396  kl 0.002  0.88s/step  eta 3.8h
10:23:34 step   4475  loss 0.0576  l1 0.0392  kl 0.002  0.87s/step  eta 3.8h
10:23:41 step   4500  loss 0.0527  l1 0.0357  kl 0.002  0.87s/step  eta 3.7h
10:23:44   val l1 0.0303 (best 0.0303)  *  -> last.pt
10:23:50 step   4525  loss 0.0548  l1 0.0382  kl 0.002  0.87s/step  eta 3.7h
10:23:57 step   4550  loss 0.0551  l1 0.0379  kl 0.002  0.86s/step  eta 3.7h
10:24:04 step   4575  loss 0.0553  l1 0.0372  kl 0.002  0.86s/step  eta 3.7h
10:24:14 step   4600  loss 0.0601  l1 0.0412  kl 0.002  0.86s/step  eta 3.7h
10:24:22 step   4625  loss 0.0583  l1 0.0403  kl 0.002  0.86s/step  eta 3.7h
10:24:29 step   4650  loss 0.0534  l1 0.0373  kl 0.002  0.85s/step  eta 3.6h
10:24:36 step   4675  loss 0.0516  l1 0.0367  kl 0.001  0.85s/step  eta 3.6h
10:24:44 step   4700  loss 0.0522  l1 0.0373  kl 0.001  0.85s/step  eta 3.6h
10:24:51 step   4725  loss 0.0495  l1 0.0358  kl 0.001  0.84s/step  eta 3.6h
10:24:59 step   4750  loss 0.0517  l1 0.0376  kl 0.001  0.84s/step  eta 3.6h
10:25:00   val l1 0.0354 (best 0.0303)  -> last.pt
10:25:07 step   4775  loss 0.0539  l1 0.0397  kl 0.001  0.84s/step  eta 3.5h
10:25:15 step   4800  loss 0.0536  l1 0.0402  kl 0.001  0.84s/step  eta 3.5h
10:25:22 step   4825  loss 0.0494  l1 0.0352  kl 0.001  0.83s/step  eta 3.5h
10:25:29 step   4850  loss 0.0485  l1 0.0334  kl 0.002  0.83s/step  eta 3.5h
10:25:37 step   4875  loss 0.0513  l1 0.0363  kl 0.002  0.83s/step  eta 3.5h
10:25:44 step   4900  loss 0.0492  l1 0.0364  kl 0.001  0.82s/step  eta 3.5h
10:25:51 step   4925  loss 0.0504  l1 0.0365  kl 0.001  0.82s/step  eta 3.4h
10:25:58 step   4950  loss 0.0502  l1 0.0367  kl 0.001  0.82s/step  eta 3.4h
10:26:05 step   4975  loss 0.0503  l1 0.0355  kl 0.001  0.82s/step  eta 3.4h
10:26:13 step   5000  loss 0.0487  l1 0.0349  kl 0.001  0.81s/step  eta 3.4h
10:26:14   val l1 0.0327 (best 0.0303)  -> last.pt
10:26:22 step   5025  loss 0.0472  l1 0.0356  kl 0.001  0.81s/step  eta 3.4h
10:26:29 step   5050  loss 0.0503  l1 0.0364  kl 0.001  0.81s/step  eta 3.4h
10:26:36 step   5075  loss 0.0477  l1 0.0325  kl 0.002  0.81s/step  eta 3.3h
10:26:43 step   5100  loss 0.0484  l1 0.0345  kl 0.001  0.80s/step  eta 3.3h
10:26:50 step   5125  loss 0.0451  l1 0.0329  kl 0.001  0.80s/step  eta 3.3h
10:26:57 step   5150  loss 0.0456  l1 0.0340  kl 0.001  0.80s/step  eta 3.3h
10:27:04 step   5175  loss 0.0451  l1 0.0329  kl 0.001  0.80s/step  eta 3.3h
10:27:10 step   5200  loss 0.0456  l1 0.0336  kl 0.001  0.79s/step  eta 3.3h
10:27:17 step   5225  loss 0.0467  l1 0.0335  kl 0.001  0.79s/step  eta 3.2h
10:27:24 step   5250  loss 0.0488  l1 0.0367  kl 0.001  0.79s/step  eta 3.2h
10:27:25   val l1 0.0322 (best 0.0303)  -> last.pt
10:27:32 step   5275  loss 0.0460  l1 0.0346  kl 0.001  0.79s/step  eta 3.2h
10:27:38 step   5300  loss 0.0438  l1 0.0328  kl 0.001  0.78s/step  eta 3.2h
10:27:45 step   5325  loss 0.0445  l1 0.0315  kl 0.001  0.78s/step  eta 3.2h
10:27:52 step   5350  loss 0.0427  l1 0.0305  kl 0.001  0.78s/step  eta 3.2h
10:27:58 step   5375  loss 0.0445  l1 0.0337  kl 0.001  0.78s/step  eta 3.2h
10:28:05 step   5400  loss 0.0438  l1 0.0336  kl 0.001  0.77s/step  eta 3.1h
10:28:12 step   5425  loss 0.0447  l1 0.0341  kl 0.001  0.77s/step  eta 3.1h
10:28:19 step   5450  loss 0.0441  l1 0.0322  kl 0.001  0.77s/step  eta 3.1h
10:28:25 step   5475  loss 0.0431  l1 0.0320  kl 0.001  0.77s/step  eta 3.1h
10:28:32 step   5500  loss 0.0433  l1 0.0334  kl 0.001  0.76s/step  eta 3.1h
10:28:33   val l1 0.0355 (best 0.0303)  -> last.pt
10:28:40 step   5525  loss 0.0464  l1 0.0360  kl 0.001  0.76s/step  eta 3.1h
10:28:47 step   5550  loss 0.0442  l1 0.0336  kl 0.001  0.76s/step  eta 3.1h
10:28:53 step   5575  loss 0.0425  l1 0.0325  kl 0.001  0.76s/step  eta 3.0h
10:29:02 step   5600  loss 0.0413  l1 0.0318  kl 0.001  0.76s/step  eta 3.0h
10:29:10 step   5625  loss 0.0423  l1 0.0319  kl 0.001  0.75s/step  eta 3.0h
10:29:18 step   5650  loss 0.0417  l1 0.0329  kl 0.001  0.75s/step  eta 3.0h
10:29:25 step   5675  loss 0.0435  l1 0.0341  kl 0.001  0.75s/step  eta 3.0h
10:29:33 step   5700  loss 0.0393  l1 0.0300  kl 0.001  0.75s/step  eta 3.0h
10:29:39 step   5725  loss 0.0422  l1 0.0335  kl 0.001  0.75s/step  eta 3.0h
10:29:47 step   5750  loss 0.0427  l1 0.0326  kl 0.001  0.74s/step  eta 2.9h
10:29:48   val l1 0.0322 (best 0.0303)  -> last.pt
10:29:55 step   5775  loss 0.0431  l1 0.0333  kl 0.001  0.74s/step  eta 2.9h
10:30:02 step   5800  loss 0.0418  l1 0.0331  kl 0.001  0.74s/step  eta 2.9h
10:30:10 step   5825  loss 0.0423  l1 0.0334  kl 0.001  0.74s/step  eta 2.9h
10:30:17 step   5850  loss 0.0395  l1 0.0312  kl 0.001  0.74s/step  eta 2.9h
10:30:25 step   5875  loss 0.0440  l1 0.0344  kl 0.001  0.74s/step  eta 2.9h
10:30:32 step   5900  loss 0.0426  l1 0.0334  kl 0.001  0.73s/step  eta 2.9h
10:30:39 step   5925  loss 0.0429  l1 0.0339  kl 0.001  0.73s/step  eta 2.9h
10:30:46 step   5950  loss 0.0421  l1 0.0332  kl 0.001  0.73s/step  eta 2.8h
10:30:54 step   5975  loss 0.0417  l1 0.0337  kl 0.001  0.73s/step  eta 2.8h
10:31:01 step   6000  loss 0.0407  l1 0.0330  kl 0.001  0.73s/step  eta 2.8h
10:31:04   val l1 0.0277 (best 0.0277)  *  -> last.pt
10:31:11 step   6025  loss 0.0435  l1 0.0341  kl 0.001  0.72s/step  eta 2.8h
10:31:18 step   6050  loss 0.0386  l1 0.0301  kl 0.001  0.72s/step  eta 2.8h
10:31:25 step   6075  loss 0.0412  l1 0.0332  kl 0.001  0.72s/step  eta 2.8h
10:31:33 step   6100  loss 0.0406  l1 0.0328  kl 0.001  0.72s/step  eta 2.8h
10:31:40 step   6125  loss 0.0383  l1 0.0304  kl 0.001  0.72s/step  eta 2.8h
10:31:48 step   6150  loss 0.0407  l1 0.0336  kl 0.001  0.72s/step  eta 2.8h
10:31:55 step   6175  loss 0.0380  l1 0.0301  kl 0.001  0.71s/step  eta 2.7h
10:32:02 step   6200  loss 0.0397  l1 0.0317  kl 0.001  0.71s/step  eta 2.7h
10:32:09 step   6225  loss 0.0377  l1 0.0302  kl 0.001  0.71s/step  eta 2.7h
10:32:17 step   6250  loss 0.0375  l1 0.0302  kl 0.001  0.71s/step  eta 2.7h
10:32:19   val l1 0.0267 (best 0.0267)  *  -> last.pt
10:32:26 step   6275  loss 0.0389  l1 0.0314  kl 0.001  0.71s/step  eta 2.7h
10:32:33 step   6300  loss 0.0382  l1 0.0310  kl 0.001  0.71s/step  eta 2.7h
10:32:41 step   6325  loss 0.0373  l1 0.0301  kl 0.001  0.70s/step  eta 2.7h
10:32:48 step   6350  loss 0.0381  l1 0.0295  kl 0.001  0.70s/step  eta 2.7h
10:32:54 step   6375  loss 0.0380  l1 0.0306  kl 0.001  0.70s/step  eta 2.7h
10:33:01 step   6400  loss 0.0373  l1 0.0303  kl 0.001  0.70s/step  eta 2.6h
10:33:08 step   6425  loss 0.0378  l1 0.0306  kl 0.001  0.70s/step  eta 2.6h
10:33:15 step   6450  loss 0.0361  l1 0.0283  kl 0.001  0.70s/step  eta 2.6h
10:33:21 step   6475  loss 0.0367  l1 0.0296  kl 0.001  0.69s/step  eta 2.6h
10:33:28 step   6500  loss 0.0369  l1 0.0302  kl 0.001  0.69s/step  eta 2.6h
10:33:29   val l1 0.0279 (best 0.0267)  -> last.pt
10:33:36 step   6525  loss 0.0366  l1 0.0304  kl 0.001  0.69s/step  eta 2.6h
10:33:43 step   6550  loss 0.0362  l1 0.0302  kl 0.001  0.69s/step  eta 2.6h
10:33:50 step   6575  loss 0.0368  l1 0.0307  kl 0.001  0.69s/step  eta 2.6h
10:33:56 step   6600  loss 0.0358  l1 0.0288  kl 0.001  0.69s/step  eta 2.6h
10:34:03 step   6625  loss 0.0365  l1 0.0296  kl 0.001  0.68s/step  eta 2.5h
10:34:12 step   6650  loss 0.0349  l1 0.0284  kl 0.001  0.68s/step  eta 2.5h
10:34:27 step   6675  loss 0.0360  l1 0.0285  kl 0.001  0.68s/step  eta 2.5h
10:34:38 step   6700  loss 0.0352  l1 0.0277  kl 0.001  0.68s/step  eta 2.5h
10:34:47 step   6725  loss 0.0365  l1 0.0299  kl 0.001  0.68s/step  eta 2.5h
10:34:56 step   6750  loss 0.0368  l1 0.0302  kl 0.001  0.68s/step  eta 2.5h
10:34:58   val l1 0.0370 (best 0.0267)  -> last.pt
10:35:05 step   6775  loss 0.0388  l1 0.0319  kl 0.001  0.68s/step  eta 2.5h
10:35:14 step   6800  loss 0.0341  l1 0.0282  kl 0.001  0.68s/step  eta 2.5h
10:35:23 step   6825  loss 0.0348  l1 0.0292  kl 0.001  0.68s/step  eta 2.5h
10:35:32 step   6850  loss 0.0343  l1 0.0291  kl 0.001  0.68s/step  eta 2.5h
10:35:41 step   6875  loss 0.0375  l1 0.0317  kl 0.001  0.67s/step  eta 2.5h
10:35:51 step   6900  loss 0.0340  l1 0.0286  kl 0.001  0.67s/step  eta 2.4h
10:36:01 step   6925  loss 0.0342  l1 0.0281  kl 0.001  0.67s/step  eta 2.4h
10:36:11 step   6950  loss 0.0327  l1 0.0273  kl 0.001  0.67s/step  eta 2.4h
10:36:21 step   6975  loss 0.0325  l1 0.0270  kl 0.001  0.67s/step  eta 2.4h
10:36:31 step   7000  loss 0.0320  l1 0.0268  kl 0.001  0.67s/step  eta 2.4h
10:36:34   val l1 0.0252 (best 0.0252)  *  -> last.pt
10:36:44 step   7025  loss 0.0343  l1 0.0292  kl 0.001  0.67s/step  eta 2.4h
10:36:54 step   7050  loss 0.0364  l1 0.0307  kl 0.001  0.67s/step  eta 2.4h
10:37:04 step   7075  loss 0.0346  l1 0.0285  kl 0.001  0.67s/step  eta 2.4h
10:37:16 step   7100  loss 0.0316  l1 0.0264  kl 0.001  0.67s/step  eta 2.4h
10:37:26 step   7125  loss 0.0317  l1 0.0271  kl 0.000  0.67s/step  eta 2.4h
10:37:37 step   7150  loss 0.0310  l1 0.0261  kl 0.000  0.66s/step  eta 2.4h
10:37:47 step   7175  loss 0.0327  l1 0.0277  kl 0.000  0.66s/step  eta 2.4h
10:37:57 step   7200  loss 0.0322  l1 0.0277  kl 0.000  0.66s/step  eta 2.4h
10:38:06 step   7225  loss 0.0339  l1 0.0287  kl 0.001  0.66s/step  eta 2.3h
10:38:16 step   7250  loss 0.0345  l1 0.0297  kl 0.000  0.66s/step  eta 2.3h
10:38:18   val l1 0.0324 (best 0.0252)  -> last.pt
10:38:27 step   7275  loss 0.0352  l1 0.0303  kl 0.000  0.66s/step  eta 2.3h
10:38:36 step   7300  loss 0.0312  l1 0.0264  kl 0.000  0.66s/step  eta 2.3h
10:38:46 step   7325  loss 0.0318  l1 0.0275  kl 0.000  0.66s/step  eta 2.3h
10:38:55 step   7350  loss 0.0335  l1 0.0294  kl 0.000  0.66s/step  eta 2.3h
10:39:04 step   7375  loss 0.0352  l1 0.0306  kl 0.000  0.66s/step  eta 2.3h
10:39:13 step   7400  loss 0.0329  l1 0.0286  kl 0.000  0.65s/step  eta 2.3h
10:39:23 step   7425  loss 0.0353  l1 0.0306  kl 0.000  0.65s/step  eta 2.3h
10:39:32 step   7450  loss 0.0313  l1 0.0265  kl 0.000  0.65s/step  eta 2.3h
10:39:41 step   7475  loss 0.0305  l1 0.0263  kl 0.000  0.65s/step  eta 2.3h
10:39:51 step   7500  loss 0.0320  l1 0.0275  kl 0.000  0.65s/step  eta 2.3h
10:39:53   val l1 0.0269 (best 0.0252)  -> last.pt
10:40:08 step   7525  loss 0.0329  l1 0.0282  kl 0.000  0.65s/step  eta 2.3h
10:40:21 step   7550  loss 0.0309  l1 0.0268  kl 0.000  0.65s/step  eta 2.3h
10:40:31 step   7575  loss 0.0317  l1 0.0271  kl 0.000  0.65s/step  eta 2.2h
10:40:41 step   7600  loss 0.0319  l1 0.0270  kl 0.000  0.65s/step  eta 2.2h
10:40:50 step   7625  loss 0.0308  l1 0.0258  kl 0.001  0.65s/step  eta 2.2h
10:40:59 step   7650  loss 0.0282  l1 0.0238  kl 0.000  0.65s/step  eta 2.2h
10:41:07 step   7675  loss 0.0317  l1 0.0275  kl 0.000  0.65s/step  eta 2.2h
10:41:16 step   7700  loss 0.0330  l1 0.0285  kl 0.000  0.65s/step  eta 2.2h
10:41:24 step   7725  loss 0.0327  l1 0.0290  kl 0.000  0.64s/step  eta 2.2h
10:41:32 step   7750  loss 0.0319  l1 0.0270  kl 0.000  0.64s/step  eta 2.2h
10:41:34   val l1 0.0316 (best 0.0252)  -> last.pt
10:41:42 step   7775  loss 0.0300  l1 0.0262  kl 0.000  0.64s/step  eta 2.2h
10:41:51 step   7800  loss 0.0315  l1 0.0273  kl 0.000  0.64s/step  eta 2.2h
10:41:59 step   7825  loss 0.0311  l1 0.0268  kl 0.000  0.64s/step  eta 2.2h
10:42:07 step   7850  loss 0.0300  l1 0.0260  kl 0.000  0.64s/step  eta 2.2h
10:42:15 step   7875  loss 0.0300  l1 0.0264  kl 0.000  0.64s/step  eta 2.2h
10:42:24 step   7900  loss 0.0286  l1 0.0249  kl 0.000  0.64s/step  eta 2.1h
10:42:32 step   7925  loss 0.0316  l1 0.0273  kl 0.000  0.64s/step  eta 2.1h
10:42:39 step   7950  loss 0.0296  l1 0.0261  kl 0.000  0.64s/step  eta 2.1h
10:42:46 step   7975  loss 0.0332  l1 0.0284  kl 0.000  0.63s/step  eta 2.1h
10:42:52 step   8000  loss 0.0311  l1 0.0276  kl 0.000  0.63s/step  eta 2.1h
10:42:54   val l1 0.0253 (best 0.0252)  -> last.pt
10:43:01 step   8025  loss 0.0307  l1 0.0271  kl 0.000  0.63s/step  eta 2.1h
10:43:07 step   8050  loss 0.0298  l1 0.0258  kl 0.000  0.63s/step  eta 2.1h
10:43:14 step   8075  loss 0.0282  l1 0.0241  kl 0.000  0.63s/step  eta 2.1h
10:43:21 step   8100  loss 0.0289  l1 0.0252  kl 0.000  0.63s/step  eta 2.1h
10:43:28 step   8125  loss 0.0299  l1 0.0266  kl 0.000  0.63s/step  eta 2.1h
10:43:34 step   8150  loss 0.0310  l1 0.0276  kl 0.000  0.63s/step  eta 2.1h
10:43:41 step   8175  loss 0.0308  l1 0.0270  kl 0.000  0.63s/step  eta 2.1h
10:43:48 step   8200  loss 0.0315  l1 0.0284  kl 0.000  0.62s/step  eta 2.0h
10:43:54 step   8225  loss 0.0294  l1 0.0249  kl 0.000  0.62s/step  eta 2.0h
10:44:02 step   8250  loss 0.0274  l1 0.0239  kl 0.000  0.62s/step  eta 2.0h
10:44:05   val l1 0.0251 (best 0.0251)  *  -> last.pt
10:44:14 step   8275  loss 0.0307  l1 0.0272  kl 0.000  0.62s/step  eta 2.0h
10:44:22 step   8300  loss 0.0289  l1 0.0257  kl 0.000  0.62s/step  eta 2.0h
10:44:30 step   8325  loss 0.0309  l1 0.0275  kl 0.000  0.62s/step  eta 2.0h
10:44:38 step   8350  loss 0.0282  l1 0.0249  kl 0.000  0.62s/step  eta 2.0h
10:44:46 step   8375  loss 0.0309  l1 0.0257  kl 0.001  0.62s/step  eta 2.0h
10:44:54 step   8400  loss 0.0308  l1 0.0272  kl 0.000  0.62s/step  eta 2.0h
10:45:02 step   8425  loss 0.0290  l1 0.0254  kl 0.000  0.62s/step  eta 2.0h
10:45:10 step   8450  loss 0.0275  l1 0.0244  kl 0.000  0.62s/step  eta 2.0h
10:45:19 step   8475  loss 0.0302  l1 0.0273  kl 0.000  0.62s/step  eta 2.0h
10:45:27 step   8500  loss 0.0319  l1 0.0288  kl 0.000  0.61s/step  eta 2.0h
10:45:29   val l1 0.0269 (best 0.0251)  -> last.pt
10:45:38 step   8525  loss 0.0303  l1 0.0271  kl 0.000  0.61s/step  eta 2.0h
10:45:46 step   8550  loss 0.0284  l1 0.0254  kl 0.000  0.61s/step  eta 1.9h
10:45:54 step   8575  loss 0.0301  l1 0.0268  kl 0.000  0.61s/step  eta 1.9h
10:46:02 step   8600  loss 0.0299  l1 0.0269  kl 0.000  0.61s/step  eta 1.9h
10:46:10 step   8625  loss 0.0294  l1 0.0265  kl 0.000  0.61s/step  eta 1.9h
10:46:19 step   8650  loss 0.0302  l1 0.0268  kl 0.000  0.61s/step  eta 1.9h
10:46:27 step   8675  loss 0.0291  l1 0.0258  kl 0.000  0.61s/step  eta 1.9h
10:46:35 step   8700  loss 0.0286  l1 0.0248  kl 0.000  0.61s/step  eta 1.9h
10:46:44 step   8725  loss 0.0291  l1 0.0255  kl 0.000  0.61s/step  eta 1.9h
10:46:53 step   8750  loss 0.0270  l1 0.0240  kl 0.000  0.61s/step  eta 1.9h
10:46:59   val l1 0.0209 (best 0.0209)  *  -> last.pt
10:47:10 step   8775  loss 0.0272  l1 0.0241  kl 0.000  0.61s/step  eta 1.9h
10:47:21 step   8800  loss 0.0286  l1 0.0261  kl 0.000  0.61s/step  eta 1.9h
10:47:32 step   8825  loss 0.0331  l1 0.0304  kl 0.000  0.61s/step  eta 1.9h
10:47:42 step   8850  loss 0.0287  l1 0.0262  kl 0.000  0.61s/step  eta 1.9h
10:47:51 step   8875  loss 0.0288  l1 0.0263  kl 0.000  0.60s/step  eta 1.9h
10:48:01 step   8900  loss 0.0268  l1 0.0244  kl 0.000  0.60s/step  eta 1.9h
10:48:10 step   8925  loss 0.0293  l1 0.0265  kl 0.000  0.60s/step  eta 1.9h
10:48:18 step   8950  loss 0.0290  l1 0.0256  kl 0.000  0.60s/step  eta 1.8h
10:48:27 step   8975  loss 0.0278  l1 0.0246  kl 0.000  0.60s/step  eta 1.8h
10:48:35 step   9000  loss 0.0286  l1 0.0256  kl 0.000  0.60s/step  eta 1.8h
10:48:37   val l1 0.0259 (best 0.0209)  -> last.pt
10:48:46 step   9025  loss 0.0271  l1 0.0245  kl 0.000  0.60s/step  eta 1.8h
10:48:54 step   9050  loss 0.0296  l1 0.0271  kl 0.000  0.60s/step  eta 1.8h
10:49:04 step   9075  loss 0.0285  l1 0.0257  kl 0.000  0.60s/step  eta 1.8h
10:49:16 step   9100  loss 0.0275  l1 0.0241  kl 0.000  0.60s/step  eta 1.8h
10:49:29 step   9125  loss 0.0265  l1 0.0228  kl 0.000  0.60s/step  eta 1.8h
10:49:41 step   9150  loss 0.0277  l1 0.0243  kl 0.000  0.60s/step  eta 1.8h
10:49:53 step   9175  loss 0.0290  l1 0.0253  kl 0.000  0.60s/step  eta 1.8h
10:50:06 step   9200  loss 0.0260  l1 0.0232  kl 0.000  0.60s/step  eta 1.8h
10:50:16 step   9225  loss 0.0270  l1 0.0240  kl 0.000  0.60s/step  eta 1.8h
10:50:27 step   9250  loss 0.0268  l1 0.0243  kl 0.000  0.60s/step  eta 1.8h
10:50:30   val l1 0.0223 (best 0.0209)  -> last.pt
10:50:42 step   9275  loss 0.0271  l1 0.0247  kl 0.000  0.60s/step  eta 1.8h
10:50:55 step   9300  loss 0.0263  l1 0.0242  kl 0.000  0.60s/step  eta 1.8h
10:51:08 step   9325  loss 0.0265  l1 0.0239  kl 0.000  0.60s/step  eta 1.8h
10:51:20 step   9350  loss 0.0267  l1 0.0240  kl 0.000  0.60s/step  eta 1.8h
10:51:30 step   9375  loss 0.0271  l1 0.0245  kl 0.000  0.60s/step  eta 1.8h
10:51:43 step   9400  loss 0.0253  l1 0.0227  kl 0.000  0.60s/step  eta 1.8h
10:51:55 step   9425  loss 0.0263  l1 0.0238  kl 0.000  0.60s/step  eta 1.7h
10:52:07 step   9450  loss 0.0280  l1 0.0257  kl 0.000  0.59s/step  eta 1.7h
10:52:20 step   9475  loss 0.0277  l1 0.0255  kl 0.000  0.59s/step  eta 1.7h
10:52:33 step   9500  loss 0.0270  l1 0.0249  kl 0.000  0.59s/step  eta 1.7h
10:52:36   val l1 0.0256 (best 0.0209)  -> last.pt
10:52:47 step   9525  loss 0.0269  l1 0.0244  kl 0.000  0.59s/step  eta 1.7h
10:53:00 step   9550  loss 0.0256  l1 0.0231  kl 0.000  0.59s/step  eta 1.7h
10:53:14 step   9575  loss 0.0271  l1 0.0248  kl 0.000  0.59s/step  eta 1.7h
10:53:29 step   9600  loss 0.0285  l1 0.0264  kl 0.000  0.59s/step  eta 1.7h
10:53:41 step   9625  loss 0.0284  l1 0.0266  kl 0.000  0.59s/step  eta 1.7h
10:53:53 step   9650  loss 0.0293  l1 0.0269  kl 0.000  0.59s/step  eta 1.7h
10:54:05 step   9675  loss 0.0267  l1 0.0240  kl 0.000  0.59s/step  eta 1.7h
10:54:18 step   9700  loss 0.0252  l1 0.0229  kl 0.000  0.59s/step  eta 1.7h
10:54:30 step   9725  loss 0.0276  l1 0.0250  kl 0.000  0.59s/step  eta 1.7h
10:54:43 step   9750  loss 0.0256  l1 0.0235  kl 0.000  0.59s/step  eta 1.7h
10:54:47   val l1 0.0257 (best 0.0209)  -> last.pt
10:54:58 step   9775  loss 0.0265  l1 0.0246  kl 0.000  0.59s/step  eta 1.7h
10:55:08 step   9800  loss 0.0252  l1 0.0235  kl 0.000  0.59s/step  eta 1.7h
10:55:20 step   9825  loss 0.0253  l1 0.0234  kl 0.000  0.59s/step  eta 1.7h
10:55:34 step   9850  loss 0.0253  l1 0.0234  kl 0.000  0.59s/step  eta 1.7h
10:55:47 step   9875  loss 0.0243  l1 0.0223  kl 0.000  0.59s/step  eta 1.7h
10:55:59 step   9900  loss 0.0253  l1 0.0231  kl 0.000  0.59s/step  eta 1.7h
10:56:12 step   9925  loss 0.0255  l1 0.0235  kl 0.000  0.59s/step  eta 1.7h
10:56:24 step   9950  loss 0.0245  l1 0.0226  kl 0.000  0.59s/step  eta 1.6h
10:56:34 step   9975  loss 0.0247  l1 0.0223  kl 0.000  0.59s/step  eta 1.6h
10:56:47 step  10000  loss 0.0248  l1 0.0228  kl 0.000  0.59s/step  eta 1.6h
10:56:50   val l1 0.0229 (best 0.0209)  -> last.pt
10:57:03 step  10025  loss 0.0253  l1 0.0227  kl 0.000  0.59s/step  eta 1.6h
10:57:15 step  10050  loss 0.0258  l1 0.0222  kl 0.000  0.59s/step  eta 1.6h
10:57:27 step  10075  loss 0.0228  l1 0.0208  kl 0.000  0.59s/step  eta 1.6h
10:57:39 step  10100  loss 0.0261  l1 0.0231  kl 0.000  0.59s/step  eta 1.6h
10:57:50 step  10125  loss 0.0254  l1 0.0230  kl 0.000  0.59s/step  eta 1.6h
10:58:02 step  10150  loss 0.0268  l1 0.0247  kl 0.000  0.59s/step  eta 1.6h
10:58:15 step  10175  loss 0.0271  l1 0.0253  kl 0.000  0.59s/step  eta 1.6h
10:58:28 step  10200  loss 0.0268  l1 0.0249  kl 0.000  0.59s/step  eta 1.6h
10:58:44 step  10225  loss 0.0272  l1 0.0245  kl 0.000  0.59s/step  eta 1.6h
10:58:58 step  10250  loss 0.0266  l1 0.0245  kl 0.000  0.59s/step  eta 1.6h
10:59:03   val l1 0.0263 (best 0.0209)  -> last.pt
10:59:14 step  10275  loss 0.0266  l1 0.0241  kl 0.000  0.59s/step  eta 1.6h
10:59:27 step  10300  loss 0.0258  l1 0.0239  kl 0.000  0.59s/step  eta 1.6h
10:59:39 step  10325  loss 0.0246  l1 0.0226  kl 0.000  0.59s/step  eta 1.6h
10:59:52 step  10350  loss 0.0246  l1 0.0228  kl 0.000  0.59s/step  eta 1.6h
11:00:04 step  10375  loss 0.0257  l1 0.0236  kl 0.000  0.59s/step  eta 1.6h
11:00:16 step  10400  loss 0.0259  l1 0.0238  kl 0.000  0.59s/step  eta 1.6h
11:00:27 step  10425  loss 0.0238  l1 0.0217  kl 0.000  0.59s/step  eta 1.6h
11:00:39 step  10450  loss 0.0247  l1 0.0227  kl 0.000  0.59s/step  eta 1.6h
11:00:52 step  10475  loss 0.0251  l1 0.0230  kl 0.000  0.59s/step  eta 1.6h
11:01:04 step  10500  loss 0.0244  l1 0.0228  kl 0.000  0.59s/step  eta 1.5h
11:01:07   val l1 0.0210 (best 0.0209)  -> last.pt
11:01:19 step  10525  loss 0.0238  l1 0.0216  kl 0.000  0.59s/step  eta 1.5h
11:01:29 step  10550  loss 0.0246  l1 0.0226  kl 0.000  0.59s/step  eta 1.5h
11:01:40 step  10575  loss 0.0243  l1 0.0219  kl 0.000  0.59s/step  eta 1.5h
11:01:52 step  10600  loss 0.0264  l1 0.0238  kl 0.000  0.59s/step  eta 1.5h
11:02:04 step  10625  loss 0.0264  l1 0.0246  kl 0.000  0.59s/step  eta 1.5h
11:02:16 step  10650  loss 0.0249  l1 0.0230  kl 0.000  0.58s/step  eta 1.5h
11:02:27 step  10675  loss 0.0258  l1 0.0231  kl 0.000  0.58s/step  eta 1.5h
11:02:45 step  10700  loss 0.0253  l1 0.0230  kl 0.000  0.58s/step  eta 1.5h
11:02:59 step  10725  loss 0.0245  l1 0.0227  kl 0.000  0.58s/step  eta 1.5h
11:03:12 step  10750  loss 0.0253  l1 0.0234  kl 0.000  0.58s/step  eta 1.5h
11:03:15   val l1 0.0228 (best 0.0209)  -> last.pt
11:03:29 step  10775  loss 0.0252  l1 0.0236  kl 0.000  0.58s/step  eta 1.5h
11:03:42 step  10800  loss 0.0270  l1 0.0243  kl 0.000  0.58s/step  eta 1.5h
11:03:53 step  10825  loss 0.0234  l1 0.0216  kl 0.000  0.58s/step  eta 1.5h
11:04:08 step  10850  loss 0.0233  l1 0.0212  kl 0.000  0.58s/step  eta 1.5h
11:04:22 step  10875  loss 0.0247  l1 0.0225  kl 0.000  0.58s/step  eta 1.5h
11:04:34 step  10900  loss 0.0248  l1 0.0232  kl 0.000  0.58s/step  eta 1.5h
11:04:46 step  10925  loss 0.0266  l1 0.0246  kl 0.000  0.58s/step  eta 1.5h
11:04:59 step  10950  loss 0.0255  l1 0.0238  kl 0.000  0.58s/step  eta 1.5h
11:05:10 step  10975  loss 0.0252  l1 0.0232  kl 0.000  0.58s/step  eta 1.5h
11:05:21 step  11000  loss 0.0236  l1 0.0209  kl 0.000  0.58s/step  eta 1.5h
11:05:23   val l1 0.0217 (best 0.0209)  -> last.pt
11:05:38 step  11025  loss 0.0223  l1 0.0204  kl 0.000  0.58s/step  eta 1.5h
11:05:52 step  11050  loss 0.0240  l1 0.0224  kl 0.000  0.58s/step  eta 1.5h
11:06:05 step  11075  loss 0.0244  l1 0.0229  kl 0.000  0.58s/step  eta 1.4h
11:06:16 step  11100  loss 0.0241  l1 0.0224  kl 0.000  0.58s/step  eta 1.4h
11:06:26 step  11125  loss 0.0233  l1 0.0215  kl 0.000  0.58s/step  eta 1.4h
11:06:37 step  11150  loss 0.0225  l1 0.0201  kl 0.000  0.58s/step  eta 1.4h
11:06:50 step  11175  loss 0.0228  l1 0.0209  kl 0.000  0.58s/step  eta 1.4h
11:07:04 step  11200  loss 0.0239  l1 0.0221  kl 0.000  0.58s/step  eta 1.4h
11:07:20 step  11225  loss 0.0235  l1 0.0214  kl 0.000  0.58s/step  eta 1.4h
11:07:32 step  11250  loss 0.0233  l1 0.0215  kl 0.000  0.58s/step  eta 1.4h
11:07:35   val l1 0.0231 (best 0.0209)  -> last.pt
11:07:46 step  11275  loss 0.0231  l1 0.0213  kl 0.000  0.58s/step  eta 1.4h
11:07:59 step  11300  loss 0.0245  l1 0.0230  kl 0.000  0.58s/step  eta 1.4h
11:08:16 step  11325  loss 0.0231  l1 0.0218  kl 0.000  0.58s/step  eta 1.4h
11:08:29 step  11350  loss 0.0235  l1 0.0220  kl 0.000  0.58s/step  eta 1.4h
11:08:41 step  11375  loss 0.0255  l1 0.0236  kl 0.000  0.58s/step  eta 1.4h
11:08:53 step  11400  loss 0.0225  l1 0.0209  kl 0.000  0.58s/step  eta 1.4h
11:09:03 step  11425  loss 0.0232  l1 0.0217  kl 0.000  0.58s/step  eta 1.4h
11:09:14 step  11450  loss 0.0228  l1 0.0214  kl 0.000  0.58s/step  eta 1.4h
11:09:25 step  11475  loss 0.0237  l1 0.0222  kl 0.000  0.58s/step  eta 1.4h
11:09:36 step  11500  loss 0.0239  l1 0.0221  kl 0.000  0.58s/step  eta 1.4h
11:09:39   val l1 0.0235 (best 0.0209)  -> last.pt
11:09:49 step  11525  loss 0.0248  l1 0.0227  kl 0.000  0.58s/step  eta 1.4h
11:10:01 step  11550  loss 0.0225  l1 0.0205  kl 0.000  0.58s/step  eta 1.4h
11:10:11 step  11575  loss 0.0240  l1 0.0215  kl 0.000  0.58s/step  eta 1.4h
11:10:22 step  11600  loss 0.0241  l1 0.0215  kl 0.000  0.58s/step  eta 1.4h
11:10:34 step  11625  loss 0.0236  l1 0.0214  kl 0.000  0.58s/step  eta 1.3h
11:10:46 step  11650  loss 0.0228  l1 0.0203  kl 0.000  0.58s/step  eta 1.3h
11:10:56 step  11675  loss 0.0220  l1 0.0201  kl 0.000  0.58s/step  eta 1.3h
11:11:08 step  11700  loss 0.0214  l1 0.0199  kl 0.000  0.58s/step  eta 1.3h
11:11:18 step  11725  loss 0.0232  l1 0.0219  kl 0.000  0.58s/step  eta 1.3h
11:11:30 step  11750  loss 0.0228  l1 0.0214  kl 0.000  0.58s/step  eta 1.3h
11:11:32   val l1 0.0230 (best 0.0209)  -> last.pt
11:11:44 step  11775  loss 0.0239  l1 0.0226  kl 0.000  0.58s/step  eta 1.3h
11:11:55 step  11800  loss 0.0254  l1 0.0242  kl 0.000  0.58s/step  eta 1.3h
11:12:06 step  11825  loss 0.0235  l1 0.0223  kl 0.000  0.58s/step  eta 1.3h
11:12:17 step  11850  loss 0.0243  l1 0.0228  kl 0.000  0.58s/step  eta 1.3h
11:12:28 step  11875  loss 0.0228  l1 0.0214  kl 0.000  0.58s/step  eta 1.3h
11:12:39 step  11900  loss 0.0222  l1 0.0207  kl 0.000  0.58s/step  eta 1.3h
11:12:51 step  11925  loss 0.0224  l1 0.0211  kl 0.000  0.58s/step  eta 1.3h
11:13:01 step  11950  loss 0.0219  l1 0.0207  kl 0.000  0.58s/step  eta 1.3h
11:13:10 step  11975  loss 0.0244  l1 0.0229  kl 0.000  0.57s/step  eta 1.3h
11:13:21 step  12000  loss 0.0250  l1 0.0233  kl 0.000  0.57s/step  eta 1.3h
11:13:23   val l1 0.0234 (best 0.0209)  -> last.pt
11:13:34 step  12025  loss 0.0236  l1 0.0217  kl 0.000  0.57s/step  eta 1.3h
11:13:45 step  12050  loss 0.0238  l1 0.0203  kl 0.000  0.57s/step  eta 1.3h
11:13:57 step  12075  loss 0.0223  l1 0.0206  kl 0.000  0.57s/step  eta 1.3h
11:14:07 step  12100  loss 0.0219  l1 0.0203  kl 0.000  0.57s/step  eta 1.3h
11:14:17 step  12125  loss 0.0247  l1 0.0222  kl 0.000  0.57s/step  eta 1.3h
11:14:26 step  12150  loss 0.0222  l1 0.0205  kl 0.000  0.57s/step  eta 1.2h
11:14:37 step  12175  loss 0.0211  l1 0.0197  kl 0.000  0.57s/step  eta 1.2h
11:14:48 step  12200  loss 0.0226  l1 0.0210  kl 0.000  0.57s/step  eta 1.2h
11:15:00 step  12225  loss 0.0213  l1 0.0200  kl 0.000  0.57s/step  eta 1.2h
11:15:11 step  12250  loss 0.0210  l1 0.0193  kl 0.000  0.57s/step  eta 1.2h
11:15:15   val l1 0.0178 (best 0.0178)  *  -> last.pt
11:15:24 step  12275  loss 0.0222  l1 0.0207  kl 0.000  0.57s/step  eta 1.2h
11:15:34 step  12300  loss 0.0232  l1 0.0212  kl 0.000  0.57s/step  eta 1.2h
11:15:45 step  12325  loss 0.0212  l1 0.0197  kl 0.000  0.57s/step  eta 1.2h
11:15:56 step  12350  loss 0.0225  l1 0.0213  kl 0.000  0.57s/step  eta 1.2h
11:16:07 step  12375  loss 0.0215  l1 0.0202  kl 0.000  0.57s/step  eta 1.2h
11:16:19 step  12400  loss 0.0231  l1 0.0216  kl 0.000  0.57s/step  eta 1.2h
11:16:28 step  12425  loss 0.0254  l1 0.0242  kl 0.000  0.57s/step  eta 1.2h
11:16:39 step  12450  loss 0.0224  l1 0.0211  kl 0.000  0.57s/step  eta 1.2h
11:16:52 step  12475  loss 0.0237  l1 0.0220  kl 0.000  0.57s/step  eta 1.2h
11:17:34 step  12500  loss 0.0228  l1 0.0215  kl 0.000  0.57s/step  eta 1.2h
11:17:42   val l1 0.0217 (best 0.0178)  -> last.pt
11:18:40 step  12525  loss 0.0226  l1 0.0214  kl 0.000  0.58s/step  eta 1.2h
11:19:20 step  12550  loss 0.0233  l1 0.0210  kl 0.000  0.58s/step  eta 1.2h
11:19:57 step  12575  loss 0.0238  l1 0.0219  kl 0.000  0.58s/step  eta 1.2h
11:20:31 step  12600  loss 0.0222  l1 0.0209  kl 0.000  0.58s/step  eta 1.2h
11:21:03 step  12625  loss 0.0242  l1 0.0231  kl 0.000  0.58s/step  eta 1.2h
11:21:09 step  12650  loss 0.0238  l1 0.0222  kl 0.000  0.58s/step  eta 1.2h
11:21:16 step  12675  loss 0.0228  l1 0.0212  kl 0.000  0.58s/step  eta 1.2h
11:21:22 step  12700  loss 0.0226  l1 0.0212  kl 0.000  0.58s/step  eta 1.2h
11:21:28 step  12725  loss 0.0213  l1 0.0201  kl 0.000  0.58s/step  eta 1.2h
11:21:34 step  12750  loss 0.0212  l1 0.0201  kl 0.000  0.58s/step  eta 1.2h
11:21:35   val l1 0.0198 (best 0.0178)  -> last.pt
11:21:42 step  12775  loss 0.0214  l1 0.0205  kl 0.000  0.58s/step  eta 1.2h
11:21:48 step  12800  loss 0.0234  l1 0.0225  kl 0.000  0.58s/step  eta 1.2h
11:21:54 step  12825  loss 0.0209  l1 0.0200  kl 0.000  0.58s/step  eta 1.2h
11:22:00 step  12850  loss 0.0229  l1 0.0220  kl 0.000  0.58s/step  eta 1.1h
11:22:07 step  12875  loss 0.0199  l1 0.0186  kl 0.000  0.58s/step  eta 1.1h
11:22:13 step  12900  loss 0.0217  l1 0.0206  kl 0.000  0.58s/step  eta 1.1h
11:22:19 step  12925  loss 0.0202  l1 0.0191  kl 0.000  0.58s/step  eta 1.1h
11:22:26 step  12950  loss 0.0218  l1 0.0206  kl 0.000  0.57s/step  eta 1.1h
11:22:32 step  12975  loss 0.0212  l1 0.0199  kl 0.000  0.57s/step  eta 1.1h
11:22:39 step  13000  loss 0.0207  l1 0.0197  kl 0.000  0.57s/step  eta 1.1h
11:22:40   val l1 0.0201 (best 0.0178)  -> last.pt
11:22:46 step  13025  loss 0.0208  l1 0.0198  kl 0.000  0.57s/step  eta 1.1h
11:22:53 step  13050  loss 0.0215  l1 0.0203  kl 0.000  0.57s/step  eta 1.1h
11:22:59 step  13075  loss 0.0228  l1 0.0216  kl 0.000  0.57s/step  eta 1.1h
11:23:05 step  13100  loss 0.0218  l1 0.0206  kl 0.000  0.57s/step  eta 1.1h
11:23:11 step  13125  loss 0.0215  l1 0.0204  kl 0.000  0.57s/step  eta 1.1h
11:23:17 step  13150  loss 0.0218  l1 0.0206  kl 0.000  0.57s/step  eta 1.1h
11:23:22 step  13175  loss 0.0208  l1 0.0197  kl 0.000  0.57s/step  eta 1.1h
11:23:27 step  13200  loss 0.0206  l1 0.0196  kl 0.000  0.57s/step  eta 1.1h
11:23:31 step  13225  loss 0.0212  l1 0.0202  kl 0.000  0.57s/step  eta 1.1h
11:23:36 step  13250  loss 0.0210  l1 0.0201  kl 0.000  0.57s/step  eta 1.1h
11:23:38   val l1 0.0213 (best 0.0178)  -> last.pt
11:23:43 step  13275  loss 0.0213  l1 0.0201  kl 0.000  0.57s/step  eta 1.1h
11:23:48 step  13300  loss 0.0227  l1 0.0216  kl 0.000  0.57s/step  eta 1.1h
11:23:54 step  13325  loss 0.0242  l1 0.0230  kl 0.000  0.56s/step  eta 1.0h
11:23:59 step  13350  loss 0.0224  l1 0.0214  kl 0.000  0.56s/step  eta 1.0h
11:24:04 step  13375  loss 0.0225  l1 0.0213  kl 0.000  0.56s/step  eta 1.0h
11:24:10 step  13400  loss 0.0201  l1 0.0190  kl 0.000  0.56s/step  eta 1.0h
11:24:16 step  13425  loss 0.0241  l1 0.0231  kl 0.000  0.56s/step  eta 1.0h
11:24:22 step  13450  loss 0.0235  l1 0.0226  kl 0.000  0.56s/step  eta 1.0h
11:24:28 step  13475  loss 0.0212  l1 0.0203  kl 0.000  0.56s/step  eta 1.0h
11:24:34 step  13500  loss 0.0215  l1 0.0206  kl 0.000  0.56s/step  eta 1.0h
11:24:35   val l1 0.0208 (best 0.0178)  -> last.pt
11:24:41 step  13525  loss 0.0235  l1 0.0226  kl 0.000  0.56s/step  eta 1.0h
11:24:47 step  13550  loss 0.0204  l1 0.0195  kl 0.000  0.56s/step  eta 1.0h
11:24:53 step  13575  loss 0.0217  l1 0.0208  kl 0.000  0.56s/step  eta 1.0h
11:24:59 step  13600  loss 0.0214  l1 0.0205  kl 0.000  0.56s/step  eta 1.0h
11:25:05 step  13625  loss 0.0250  l1 0.0241  kl 0.000  0.56s/step  eta 1.0h
11:25:12 step  13650  loss 0.0221  l1 0.0212  kl 0.000  0.56s/step  eta 1.0h
11:25:17 step  13675  loss 0.0225  l1 0.0217  kl 0.000  0.56s/step  eta 1.0h
11:25:23 step  13700  loss 0.0224  l1 0.0211  kl 0.000  0.56s/step  eta 1.0h
11:25:29 step  13725  loss 0.0208  l1 0.0198  kl 0.000  0.56s/step  eta 1.0h
11:25:34 step  13750  loss 0.0214  l1 0.0205  kl 0.000  0.55s/step  eta 1.0h
11:25:35   val l1 0.0193 (best 0.0178)  -> last.pt
11:25:41 step  13775  loss 0.0208  l1 0.0200  kl 0.000  0.55s/step  eta 1.0h
11:25:48 step  13800  loss 0.0194  l1 0.0186  kl 0.000  0.55s/step  eta 1.0h
11:25:54 step  13825  loss 0.0211  l1 0.0203  kl 0.000  0.55s/step  eta 0.9h
11:26:00 step  13850  loss 0.0204  l1 0.0196  kl 0.000  0.55s/step  eta 0.9h
11:26:06 step  13875  loss 0.0211  l1 0.0201  kl 0.000  0.55s/step  eta 0.9h
11:26:12 step  13900  loss 0.0210  l1 0.0202  kl 0.000  0.55s/step  eta 0.9h
11:26:18 step  13925  loss 0.0210  l1 0.0201  kl 0.000  0.55s/step  eta 0.9h
11:26:24 step  13950  loss 0.0224  l1 0.0216  kl 0.000  0.55s/step  eta 0.9h
11:26:31 step  13975  loss 0.0220  l1 0.0210  kl 0.000  0.55s/step  eta 0.9h
11:26:37 step  14000  loss 0.0236  l1 0.0227  kl 0.000  0.55s/step  eta 0.9h
11:26:38   val l1 0.0211 (best 0.0178)  -> last.pt
11:26:44 step  14025  loss 0.0211  l1 0.0202  kl 0.000  0.55s/step  eta 0.9h
11:26:49 step  14050  loss 0.0217  l1 0.0206  kl 0.000  0.55s/step  eta 0.9h
11:26:55 step  14075  loss 0.0219  l1 0.0204  kl 0.000  0.55s/step  eta 0.9h
11:27:02 step  14100  loss 0.0208  l1 0.0198  kl 0.000  0.55s/step  eta 0.9h
11:27:08 step  14125  loss 0.0184  l1 0.0175  kl 0.000  0.55s/step  eta 0.9h
11:27:14 step  14150  loss 0.0195  l1 0.0186  kl 0.000  0.55s/step  eta 0.9h
11:27:20 step  14175  loss 0.0216  l1 0.0202  kl 0.000  0.55s/step  eta 0.9h
11:27:25 step  14200  loss 0.0210  l1 0.0199  kl 0.000  0.54s/step  eta 0.9h
11:27:31 step  14225  loss 0.0231  l1 0.0214  kl 0.000  0.54s/step  eta 0.9h
11:27:37 step  14250  loss 0.0202  l1 0.0193  kl 0.000  0.54s/step  eta 0.9h
11:27:39   val l1 0.0234 (best 0.0178)  -> last.pt
11:27:45 step  14275  loss 0.0213  l1 0.0204  kl 0.000  0.54s/step  eta 0.9h
11:27:51 step  14300  loss 0.0192  l1 0.0182  kl 0.000  0.54s/step  eta 0.9h
11:27:56 step  14325  loss 0.0199  l1 0.0188  kl 0.000  0.54s/step  eta 0.9h
11:28:01 step  14350  loss 0.0204  l1 0.0195  kl 0.000  0.54s/step  eta 0.9h
11:28:07 step  14375  loss 0.0193  l1 0.0184  kl 0.000  0.54s/step  eta 0.8h
11:28:13 step  14400  loss 0.0205  l1 0.0198  kl 0.000  0.54s/step  eta 0.8h
11:28:20 step  14425  loss 0.0195  l1 0.0188  kl 0.000  0.54s/step  eta 0.8h
11:28:26 step  14450  loss 0.0217  l1 0.0207  kl 0.000  0.54s/step  eta 0.8h
11:28:32 step  14475  loss 0.0196  l1 0.0187  kl 0.000  0.54s/step  eta 0.8h
11:28:38 step  14500  loss 0.0220  l1 0.0212  kl 0.000  0.54s/step  eta 0.8h
11:28:39   val l1 0.0205 (best 0.0178)  -> last.pt
11:28:45 step  14525  loss 0.0200  l1 0.0192  kl 0.000  0.54s/step  eta 0.8h
11:28:51 step  14550  loss 0.0209  l1 0.0202  kl 0.000  0.54s/step  eta 0.8h
11:28:58 step  14575  loss 0.0205  l1 0.0197  kl 0.000  0.54s/step  eta 0.8h
11:29:04 step  14600  loss 0.0214  l1 0.0206  kl 0.000  0.54s/step  eta 0.8h
11:29:09 step  14625  loss 0.0195  l1 0.0186  kl 0.000  0.54s/step  eta 0.8h
11:29:15 step  14650  loss 0.0188  l1 0.0174  kl 0.000  0.54s/step  eta 0.8h
11:29:20 step  14675  loss 0.0200  l1 0.0191  kl 0.000  0.54s/step  eta 0.8h
11:29:27 step  14700  loss 0.0210  l1 0.0201  kl 0.000  0.53s/step  eta 0.8h
11:29:33 step  14725  loss 0.0209  l1 0.0197  kl 0.000  0.53s/step  eta 0.8h
11:29:39 step  14750  loss 0.0194  l1 0.0183  kl 0.000  0.53s/step  eta 0.8h
11:29:40   val l1 0.0217 (best 0.0178)  -> last.pt
11:29:46 step  14775  loss 0.0207  l1 0.0199  kl 0.000  0.53s/step  eta 0.8h
11:29:52 step  14800  loss 0.0219  l1 0.0212  kl 0.000  0.53s/step  eta 0.8h
11:29:57 step  14825  loss 0.0199  l1 0.0192  kl 0.000  0.53s/step  eta 0.8h
11:30:03 step  14850  loss 0.0195  l1 0.0189  kl 0.000  0.53s/step  eta 0.8h
11:30:09 step  14875  loss 0.0195  l1 0.0189  kl 0.000  0.53s/step  eta 0.8h
11:30:15 step  14900  loss 0.0195  l1 0.0185  kl 0.000  0.53s/step  eta 0.8h
11:30:21 step  14925  loss 0.0192  l1 0.0185  kl 0.000  0.53s/step  eta 0.7h
11:30:27 step  14950  loss 0.0201  l1 0.0192  kl 0.000  0.53s/step  eta 0.7h
11:30:33 step  14975  loss 0.0206  l1 0.0188  kl 0.000  0.53s/step  eta 0.7h
11:30:39 step  15000  loss 0.0186  l1 0.0176  kl 0.000  0.53s/step  eta 0.7h
11:30:40   val l1 0.0194 (best 0.0178)  -> last.pt
11:30:46 step  15025  loss 0.0196  l1 0.0187  kl 0.000  0.53s/step  eta 0.7h
11:30:52 step  15050  loss 0.0210  l1 0.0200  kl 0.000  0.53s/step  eta 0.7h
11:30:58 step  15075  loss 0.0220  l1 0.0212  kl 0.000  0.53s/step  eta 0.7h
11:31:04 step  15100  loss 0.0193  l1 0.0181  kl 0.000  0.53s/step  eta 0.7h
11:31:10 step  15125  loss 0.0202  l1 0.0193  kl 0.000  0.53s/step  eta 0.7h
11:31:15 step  15150  loss 0.0201  l1 0.0193  kl 0.000  0.53s/step  eta 0.7h
11:31:21 step  15175  loss 0.0184  l1 0.0178  kl 0.000  0.53s/step  eta 0.7h
11:31:26 step  15200  loss 0.0217  l1 0.0210  kl 0.000  0.52s/step  eta 0.7h
11:31:32 step  15225  loss 0.0202  l1 0.0192  kl 0.000  0.52s/step  eta 0.7h
11:31:37 step  15250  loss 0.0207  l1 0.0199  kl 0.000  0.52s/step  eta 0.7h
11:31:39   val l1 0.0208 (best 0.0178)  -> last.pt
11:31:44 step  15275  loss 0.0189  l1 0.0184  kl 0.000  0.52s/step  eta 0.7h
11:31:50 step  15300  loss 0.0199  l1 0.0192  kl 0.000  0.52s/step  eta 0.7h
11:31:55 step  15325  loss 0.0204  l1 0.0198  kl 0.000  0.52s/step  eta 0.7h
11:32:00 step  15350  loss 0.0196  l1 0.0188  kl 0.000  0.52s/step  eta 0.7h
11:32:06 step  15375  loss 0.0182  l1 0.0174  kl 0.000  0.52s/step  eta 0.7h
11:32:12 step  15400  loss 0.0201  l1 0.0194  kl 0.000  0.52s/step  eta 0.7h
11:32:18 step  15425  loss 0.0206  l1 0.0199  kl 0.000  0.52s/step  eta 0.7h
11:32:24 step  15450  loss 0.0191  l1 0.0181  kl 0.000  0.52s/step  eta 0.7h
11:32:29 step  15475  loss 0.0191  l1 0.0183  kl 0.000  0.52s/step  eta 0.7h
11:32:34 step  15500  loss 0.0202  l1 0.0189  kl 0.000  0.52s/step  eta 0.6h
11:32:35   val l1 0.0205 (best 0.0178)  -> last.pt
11:32:41 step  15525  loss 0.0192  l1 0.0182  kl 0.000  0.52s/step  eta 0.6h
11:32:47 step  15550  loss 0.0201  l1 0.0191  kl 0.000  0.52s/step  eta 0.6h
11:32:52 step  15575  loss 0.0201  l1 0.0194  kl 0.000  0.52s/step  eta 0.6h
11:32:58 step  15600  loss 0.0193  l1 0.0186  kl 0.000  0.52s/step  eta 0.6h
11:33:04 step  15625  loss 0.0188  l1 0.0180  kl 0.000  0.52s/step  eta 0.6h
11:33:09 step  15650  loss 0.0197  l1 0.0191  kl 0.000  0.52s/step  eta 0.6h
11:33:14 step  15675  loss 0.0193  l1 0.0187  kl 0.000  0.52s/step  eta 0.6h
11:33:20 step  15700  loss 0.0187  l1 0.0181  kl 0.000  0.52s/step  eta 0.6h
11:33:26 step  15725  loss 0.0203  l1 0.0198  kl 0.000  0.52s/step  eta 0.6h
11:33:32 step  15750  loss 0.0208  l1 0.0201  kl 0.000  0.51s/step  eta 0.6h
11:33:34   val l1 0.0173 (best 0.0173)  *  -> last.pt
11:33:40 step  15775  loss 0.0186  l1 0.0180  kl 0.000  0.51s/step  eta 0.6h
11:33:46 step  15800  loss 0.0184  l1 0.0177  kl 0.000  0.51s/step  eta 0.6h
11:33:50 step  15825  loss 0.0185  l1 0.0178  kl 0.000  0.51s/step  eta 0.6h
11:33:56 step  15850  loss 0.0185  l1 0.0179  kl 0.000  0.51s/step  eta 0.6h
11:34:02 step  15875  loss 0.0193  l1 0.0187  kl 0.000  0.51s/step  eta 0.6h
11:34:07 step  15900  loss 0.0200  l1 0.0194  kl 0.000  0.51s/step  eta 0.6h
11:34:13 step  15925  loss 0.0194  l1 0.0189  kl 0.000  0.51s/step  eta 0.6h
11:34:19 step  15950  loss 0.0185  l1 0.0179  kl 0.000  0.51s/step  eta 0.6h
11:34:25 step  15975  loss 0.0191  l1 0.0183  kl 0.000  0.51s/step  eta 0.6h
11:34:30 step  16000  loss 0.0199  l1 0.0191  kl 0.000  0.51s/step  eta 0.6h
11:34:31   val l1 0.0185 (best 0.0173)  -> last.pt
11:34:37 step  16025  loss 0.0196  l1 0.0190  kl 0.000  0.51s/step  eta 0.6h
11:34:43 step  16050  loss 0.0209  l1 0.0204  kl 0.000  0.51s/step  eta 0.6h
11:34:49 step  16075  loss 0.0194  l1 0.0189  kl 0.000  0.51s/step  eta 0.6h
11:34:55 step  16100  loss 0.0202  l1 0.0197  kl 0.000  0.51s/step  eta 0.6h
11:35:01 step  16125  loss 0.0198  l1 0.0193  kl 0.000  0.51s/step  eta 0.5h
11:35:06 step  16150  loss 0.0197  l1 0.0192  kl 0.000  0.51s/step  eta 0.5h
11:35:11 step  16175  loss 0.0212  l1 0.0205  kl 0.000  0.51s/step  eta 0.5h
11:35:17 step  16200  loss 0.0195  l1 0.0188  kl 0.000  0.51s/step  eta 0.5h
11:35:24 step  16225  loss 0.0179  l1 0.0173  kl 0.000  0.51s/step  eta 0.5h
11:35:31 step  16250  loss 0.0191  l1 0.0186  kl 0.000  0.51s/step  eta 0.5h
11:35:33   val l1 0.0183 (best 0.0173)  -> last.pt
11:35:40 step  16275  loss 0.0182  l1 0.0176  kl 0.000  0.51s/step  eta 0.5h
11:35:48 step  16300  loss 0.0194  l1 0.0188  kl 0.000  0.51s/step  eta 0.5h
11:35:55 step  16325  loss 0.0199  l1 0.0194  kl 0.000  0.51s/step  eta 0.5h
11:36:04 step  16350  loss 0.0224  l1 0.0219  kl 0.000  0.51s/step  eta 0.5h
11:36:18 step  16375  loss 0.0197  l1 0.0192  kl 0.000  0.51s/step  eta 0.5h
11:36:28 step  16400  loss 0.0202  l1 0.0197  kl 0.000  0.51s/step  eta 0.5h
11:36:38 step  16425  loss 0.0183  l1 0.0177  kl 0.000  0.50s/step  eta 0.5h
11:36:48 step  16450  loss 0.0189  l1 0.0182  kl 0.000  0.50s/step  eta 0.5h
11:36:58 step  16475  loss 0.0185  l1 0.0178  kl 0.000  0.50s/step  eta 0.5h
11:37:08 step  16500  loss 0.0187  l1 0.0181  kl 0.000  0.50s/step  eta 0.5h
11:37:12   val l1 0.0172 (best 0.0172)  *  -> last.pt
11:37:22 step  16525  loss 0.0191  l1 0.0186  kl 0.000  0.50s/step  eta 0.5h
11:37:31 step  16550  loss 0.0177  l1 0.0173  kl 0.000  0.50s/step  eta 0.5h
11:37:40 step  16575  loss 0.0201  l1 0.0197  kl 0.000  0.50s/step  eta 0.5h
11:37:49 step  16600  loss 0.0216  l1 0.0211  kl 0.000  0.50s/step  eta 0.5h
11:37:57 step  16625  loss 0.0201  l1 0.0196  kl 0.000  0.50s/step  eta 0.5h
11:38:06 step  16650  loss 0.0190  l1 0.0185  kl 0.000  0.50s/step  eta 0.5h
11:38:15 step  16675  loss 0.0206  l1 0.0200  kl 0.000  0.50s/step  eta 0.5h
11:38:23 step  16700  loss 0.0213  l1 0.0208  kl 0.000  0.50s/step  eta 0.5h
11:38:31 step  16725  loss 0.0201  l1 0.0195  kl 0.000  0.50s/step  eta 0.5h
11:38:40 step  16750  loss 0.0189  l1 0.0183  kl 0.000  0.50s/step  eta 0.5h
11:38:42   val l1 0.0184 (best 0.0172)  -> last.pt
11:38:50 step  16775  loss 0.0194  l1 0.0189  kl 0.000  0.50s/step  eta 0.4h
11:38:58 step  16800  loss 0.0190  l1 0.0185  kl 0.000  0.50s/step  eta 0.4h
11:39:10 step  16825  loss 0.0187  l1 0.0183  kl 0.000  0.50s/step  eta 0.4h
11:39:21 step  16850  loss 0.0192  l1 0.0187  kl 0.000  0.50s/step  eta 0.4h
11:39:29 step  16875  loss 0.0191  l1 0.0186  kl 0.000  0.50s/step  eta 0.4h
11:39:38 step  16900  loss 0.0182  l1 0.0178  kl 0.000  0.50s/step  eta 0.4h
11:39:48 step  16925  loss 0.0191  l1 0.0187  kl 0.000  0.50s/step  eta 0.4h
11:39:58 step  16950  loss 0.0177  l1 0.0173  kl 0.000  0.50s/step  eta 0.4h
11:40:09 step  16975  loss 0.0178  l1 0.0173  kl 0.000  0.50s/step  eta 0.4h
11:40:19 step  17000  loss 0.0176  l1 0.0171  kl 0.000  0.50s/step  eta 0.4h
11:40:23   val l1 0.0153 (best 0.0153)  *  -> last.pt
11:40:33 step  17025  loss 0.0196  l1 0.0192  kl 0.000  0.50s/step  eta 0.4h
11:40:43 step  17050  loss 0.0170  l1 0.0164  kl 0.000  0.50s/step  eta 0.4h
11:40:52 step  17075  loss 0.0181  l1 0.0176  kl 0.000  0.50s/step  eta 0.4h
11:41:02 step  17100  loss 0.0197  l1 0.0192  kl 0.000  0.50s/step  eta 0.4h
11:41:13 step  17125  loss 0.0185  l1 0.0180  kl 0.000  0.50s/step  eta 0.4h
11:41:23 step  17150  loss 0.0185  l1 0.0182  kl 0.000  0.50s/step  eta 0.4h
11:41:32 step  17175  loss 0.0192  l1 0.0187  kl 0.000  0.50s/step  eta 0.4h
11:41:39 step  17200  loss 0.0200  l1 0.0196  kl 0.000  0.50s/step  eta 0.4h
11:41:49 step  17225  loss 0.0177  l1 0.0172  kl 0.000  0.50s/step  eta 0.4h
11:41:59 step  17250  loss 0.0173  l1 0.0168  kl 0.000  0.50s/step  eta 0.4h
11:42:01   val l1 0.0186 (best 0.0153)  -> last.pt
11:42:11 step  17275  loss 0.0190  l1 0.0185  kl 0.000  0.50s/step  eta 0.4h
11:42:20 step  17300  loss 0.0180  l1 0.0176  kl 0.000  0.50s/step  eta 0.4h
11:42:30 step  17325  loss 0.0190  l1 0.0185  kl 0.000  0.50s/step  eta 0.4h
11:42:39 step  17350  loss 0.0201  l1 0.0198  kl 0.000  0.50s/step  eta 0.4h
11:42:48 step  17375  loss 0.0219  l1 0.0215  kl 0.000  0.50s/step  eta 0.4h
11:42:56 step  17400  loss 0.0190  l1 0.0186  kl 0.000  0.50s/step  eta 0.4h
11:43:05 step  17425  loss 0.0195  l1 0.0190  kl 0.000  0.50s/step  eta 0.4h
11:43:13 step  17450  loss 0.0171  l1 0.0167  kl 0.000  0.50s/step  eta 0.4h
11:43:22 step  17475  loss 0.0171  l1 0.0166  kl 0.000  0.50s/step  eta 0.3h
11:43:30 step  17500  loss 0.0178  l1 0.0174  kl 0.000  0.50s/step  eta 0.3h
11:43:32   val l1 0.0184 (best 0.0153)  -> last.pt
11:43:40 step  17525  loss 0.0176  l1 0.0172  kl 0.000  0.50s/step  eta 0.3h
11:43:48 step  17550  loss 0.0192  l1 0.0188  kl 0.000  0.50s/step  eta 0.3h
11:43:56 step  17575  loss 0.0181  l1 0.0177  kl 0.000  0.50s/step  eta 0.3h
11:44:04 step  17600  loss 0.0182  l1 0.0177  kl 0.000  0.50s/step  eta 0.3h
11:44:12 step  17625  loss 0.0184  l1 0.0179  kl 0.000  0.50s/step  eta 0.3h
11:44:23 step  17650  loss 0.0175  l1 0.0171  kl 0.000  0.50s/step  eta 0.3h
11:44:35 step  17675  loss 0.0182  l1 0.0177  kl 0.000  0.50s/step  eta 0.3h
11:44:47 step  17700  loss 0.0179  l1 0.0175  kl 0.000  0.50s/step  eta 0.3h
11:44:58 step  17725  loss 0.0189  l1 0.0182  kl 0.000  0.50s/step  eta 0.3h
11:45:10 step  17750  loss 0.0174  l1 0.0167  kl 0.000  0.50s/step  eta 0.3h
11:45:13   val l1 0.0189 (best 0.0153)  -> last.pt
11:45:24 step  17775  loss 0.0189  l1 0.0183  kl 0.000  0.50s/step  eta 0.3h
11:45:34 step  17800  loss 0.0185  l1 0.0179  kl 0.000  0.50s/step  eta 0.3h
11:45:45 step  17825  loss 0.0168  l1 0.0163  kl 0.000  0.50s/step  eta 0.3h
11:45:54 step  17850  loss 0.0182  l1 0.0177  kl 0.000  0.50s/step  eta 0.3h
11:46:03 step  17875  loss 0.0185  l1 0.0180  kl 0.000  0.50s/step  eta 0.3h
11:46:13 step  17900  loss 0.0175  l1 0.0171  kl 0.000  0.50s/step  eta 0.3h
11:46:22 step  17925  loss 0.0172  l1 0.0168  kl 0.000  0.50s/step  eta 0.3h
11:46:31 step  17950  loss 0.0191  l1 0.0187  kl 0.000  0.49s/step  eta 0.3h
11:46:42 step  17975  loss 0.0176  l1 0.0173  kl 0.000  0.49s/step  eta 0.3h
11:46:53 step  18000  loss 0.0185  l1 0.0182  kl 0.000  0.49s/step  eta 0.3h
11:46:55   val l1 0.0187 (best 0.0153)  -> last.pt
11:47:05 step  18025  loss 0.0196  l1 0.0191  kl 0.000  0.49s/step  eta 0.3h
11:47:16 step  18050  loss 0.0198  l1 0.0194  kl 0.000  0.49s/step  eta 0.3h
