01:08:43 device mps; 72 train / 8 val episodes from out/demos/ball; task: 'put the red ball in the crate'
01:08:46   loaded 10/72 episodes
01:08:49   loaded 20/72 episodes
01:08:52   loaded 30/72 episodes
01:08:55   loaded 40/72 episodes
01:08:58   loaded 50/72 episodes
01:09:00   loaded 60/72 episodes
01:09:03   loaded 70/72 episodes
01:09:06 25509 train rows, 2767 val rows, frames at 128 px
01:09:22 step     25  loss 13.5253  l1 0.5052  kl 1.302  0.64s/step  eta 3.6h
01:09:27 step     50  loss 3.3492  l1 0.2664  kl 0.308  0.42s/step  eta 2.4h
01:09:33 step     75  loss 2.8121  l1 0.2206  kl 0.259  0.36s/step  eta 2.0h
01:09:38 step    100  loss 2.5967  l1 0.1815  kl 0.242  0.32s/step  eta 1.7h
01:09:44 step    125  loss 2.4342  l1 0.1838  kl 0.225  0.30s/step  eta 1.7h
01:09:49 step    150  loss 2.1966  l1 0.1710  kl 0.203  0.28s/step  eta 1.6h
01:09:54 step    175  loss 2.1027  l1 0.1705  kl 0.193  0.27s/step  eta 1.5h
01:09:58 step    200  loss 2.0217  l1 0.1549  kl 0.187  0.26s/step  eta 1.4h
01:10:04 step    225  loss 1.9027  l1 0.1536  kl 0.175  0.26s/step  eta 1.4h
01:10:11 step    250  loss 1.7960  l1 0.1413  kl 0.165  0.26s/step  eta 1.4h
01:10:14   val l1 0.1063 (best 0.1063)  *  -> last.pt
01:10:19 step    275  loss 1.6605  l1 0.1357  kl 0.152  0.26s/step  eta 1.4h
01:10:25 step    300  loss 1.6192  l1 0.1346  kl 0.148  0.26s/step  eta 1.4h
01:10:31 step    325  loss 1.5664  l1 0.1186  kl 0.145  0.26s/step  eta 1.4h
01:10:36 step    350  loss 1.4649  l1 0.1212  kl 0.134  0.26s/step  eta 1.4h
01:10:42 step    375  loss 1.4157  l1 0.1111  kl 0.130  0.26s/step  eta 1.4h
01:10:47 step    400  loss 1.3291  l1 0.1129  kl 0.122  0.25s/step  eta 1.4h
01:10:52 step    425  loss 1.3416  l1 0.1093  kl 0.123  0.25s/step  eta 1.4h
01:10:57 step    450  loss 1.2056  l1 0.1014  kl 0.110  0.25s/step  eta 1.3h
01:11:04 step    475  loss 1.1661  l1 0.0974  kl 0.107  0.25s/step  eta 1.3h
01:11:09 step    500  loss 1.1075  l1 0.0981  kl 0.101  0.25s/step  eta 1.3h
01:11:12   val l1 0.0715 (best 0.0715)  *  -> last.pt
01:11:17 step    525  loss 1.0298  l1 0.0932  kl 0.094  0.25s/step  eta 1.4h
01:11:24 step    550  loss 0.9930  l1 0.0982  kl 0.089  0.25s/step  eta 1.4h
01:11:32 step    575  loss 0.9351  l1 0.1033  kl 0.083  0.25s/step  eta 1.4h
01:11:36 step    600  loss 0.8732  l1 0.1005  kl 0.077  0.25s/step  eta 1.3h
01:11:41 step    625  loss 0.8553  l1 0.0934  kl 0.076  0.25s/step  eta 1.3h
01:11:46 step    650  loss 0.7821  l1 0.0852  kl 0.070  0.25s/step  eta 1.3h
01:11:50 step    675  loss 0.7393  l1 0.0887  kl 0.065  0.24s/step  eta 1.3h
01:11:55 step    700  loss 0.7123  l1 0.0853  kl 0.063  0.24s/step  eta 1.3h
01:11:59 step    725  loss 0.6755  l1 0.0897  kl 0.059  0.24s/step  eta 1.3h
01:12:03 step    750  loss 0.6355  l1 0.0864  kl 0.055  0.24s/step  eta 1.3h
01:12:04   val l1 0.0735 (best 0.0715)  -> last.pt
01:12:08 step    775  loss 0.5939  l1 0.0855  kl 0.051  0.23s/step  eta 1.3h
01:12:13 step    800  loss 0.5867  l1 0.0800  kl 0.051  0.23s/step  eta 1.2h
01:12:17 step    825  loss 0.5577  l1 0.0856  kl 0.047  0.23s/step  eta 1.2h
01:12:21 step    850  loss 0.5273  l1 0.0806  kl 0.045  0.23s/step  eta 1.2h
01:12:26 step    875  loss 0.5045  l1 0.0739  kl 0.043  0.23s/step  eta 1.2h
01:12:30 step    900  loss 0.4817  l1 0.0736  kl 0.041  0.23s/step  eta 1.2h
01:12:34 step    925  loss 0.4585  l1 0.0819  kl 0.038  0.22s/step  eta 1.2h
01:12:38 step    950  loss 0.4385  l1 0.0823  kl 0.036  0.22s/step  eta 1.2h
01:12:43 step    975  loss 0.4019  l1 0.0741  kl 0.033  0.22s/step  eta 1.2h
01:12:47 step   1000  loss 0.3987  l1 0.0702  kl 0.033  0.22s/step  eta 1.2h
01:12:49   val l1 0.0596 (best 0.0596)  *  -> last.pt
01:12:53 step   1025  loss 0.3753  l1 0.0651  kl 0.031  0.22s/step  eta 1.2h
01:12:57 step   1050  loss 0.3409  l1 0.0697  kl 0.027  0.22s/step  eta 1.2h
01:13:02 step   1075  loss 0.3476  l1 0.0732  kl 0.027  0.22s/step  eta 1.2h
01:13:06 step   1100  loss 0.3384  l1 0.0672  kl 0.027  0.22s/step  eta 1.1h
01:13:10 step   1125  loss 0.3285  l1 0.0723  kl 0.026  0.22s/step  eta 1.1h
01:13:14 step   1150  loss 0.3258  l1 0.0665  kl 0.026  0.22s/step  eta 1.1h
01:13:19 step   1175  loss 0.2972  l1 0.0651  kl 0.023  0.21s/step  eta 1.1h
01:13:23 step   1200  loss 0.2961  l1 0.0649  kl 0.023  0.21s/step  eta 1.1h
01:13:27 step   1225  loss 0.2795  l1 0.0664  kl 0.021  0.21s/step  eta 1.1h
01:13:31 step   1250  loss 0.2687  l1 0.0652  kl 0.020  0.21s/step  eta 1.1h
01:13:33   val l1 0.0549 (best 0.0549)  *  -> last.pt
01:13:37 step   1275  loss 0.2578  l1 0.0612  kl 0.020  0.21s/step  eta 1.1h
01:13:42 step   1300  loss 0.2722  l1 0.0652  kl 0.021  0.21s/step  eta 1.1h
01:13:46 step   1325  loss 0.2530  l1 0.0641  kl 0.019  0.21s/step  eta 1.1h
01:13:50 step   1350  loss 0.2394  l1 0.0616  kl 0.018  0.21s/step  eta 1.1h
01:13:54 step   1375  loss 0.2373  l1 0.0641  kl 0.017  0.21s/step  eta 1.1h
01:13:59 step   1400  loss 0.2334  l1 0.0619  kl 0.017  0.21s/step  eta 1.1h
01:14:03 step   1425  loss 0.2255  l1 0.0620  kl 0.016  0.21s/step  eta 1.1h
01:14:07 step   1450  loss 0.2318  l1 0.0650  kl 0.017  0.21s/step  eta 1.1h
01:14:11 step   1475  loss 0.2175  l1 0.0567  kl 0.016  0.21s/step  eta 1.1h
01:14:15 step   1500  loss 0.2204  l1 0.0616  kl 0.016  0.21s/step  eta 1.1h
01:14:17   val l1 0.0539 (best 0.0539)  *  -> last.pt
01:14:21 step   1525  loss 0.2149  l1 0.0595  kl 0.016  0.21s/step  eta 1.1h
01:14:26 step   1550  loss 0.1989  l1 0.0584  kl 0.014  0.21s/step  eta 1.1h
01:14:30 step   1575  loss 0.1957  l1 0.0554  kl 0.014  0.21s/step  eta 1.1h
01:14:34 step   1600  loss 0.1952  l1 0.0530  kl 0.014  0.20s/step  eta 1.0h
01:14:38 step   1625  loss 0.1877  l1 0.0554  kl 0.013  0.20s/step  eta 1.0h
01:14:42 step   1650  loss 0.1951  l1 0.0559  kl 0.014  0.20s/step  eta 1.0h
01:14:47 step   1675  loss 0.1803  l1 0.0546  kl 0.013  0.20s/step  eta 1.0h
01:14:51 step   1700  loss 0.1741  l1 0.0501  kl 0.012  0.20s/step  eta 1.0h
01:14:56 step   1725  loss 0.1752  l1 0.0550  kl 0.012  0.20s/step  eta 1.0h
01:15:00 step   1750  loss 0.1736  l1 0.0571  kl 0.012  0.20s/step  eta 1.0h
01:15:02   val l1 0.0520 (best 0.0520)  *  -> last.pt
01:15:06 step   1775  loss 0.1665  l1 0.0540  kl 0.011  0.20s/step  eta 1.0h
01:15:11 step   1800  loss 0.1626  l1 0.0552  kl 0.011  0.20s/step  eta 1.0h
01:15:16 step   1825  loss 0.1577  l1 0.0569  kl 0.010  0.20s/step  eta 1.0h
01:15:20 step   1850  loss 0.1548  l1 0.0552  kl 0.010  0.20s/step  eta 1.0h
01:15:24 step   1875  loss 0.1595  l1 0.0544  kl 0.011  0.20s/step  eta 1.0h
01:15:29 step   1900  loss 0.1531  l1 0.0530  kl 0.010  0.20s/step  eta 1.0h
01:15:33 step   1925  loss 0.1605  l1 0.0579  kl 0.010  0.20s/step  eta 1.0h
01:15:37 step   1950  loss 0.1508  l1 0.0544  kl 0.010  0.20s/step  eta 1.0h
01:15:42 step   1975  loss 0.1471  l1 0.0529  kl 0.009  0.20s/step  eta 1.0h
01:15:46 step   2000  loss 0.1406  l1 0.0495  kl 0.009  0.20s/step  eta 1.0h
01:15:48   val l1 0.0432 (best 0.0432)  *  -> last.pt
01:15:52 step   2025  loss 0.1482  l1 0.0493  kl 0.010  0.20s/step  eta 1.0h
01:15:56 step   2050  loss 0.1370  l1 0.0484  kl 0.009  0.20s/step  eta 1.0h
01:16:00 step   2075  loss 0.1455  l1 0.0527  kl 0.009  0.20s/step  eta 1.0h
01:16:05 step   2100  loss 0.1387  l1 0.0537  kl 0.009  0.20s/step  eta 1.0h
01:16:09 step   2125  loss 0.1299  l1 0.0502  kl 0.008  0.20s/step  eta 1.0h
01:16:14 step   2150  loss 0.1340  l1 0.0516  kl 0.008  0.20s/step  eta 1.0h
01:16:18 step   2175  loss 0.1262  l1 0.0485  kl 0.008  0.20s/step  eta 1.0h
01:16:22 step   2200  loss 0.1280  l1 0.0509  kl 0.008  0.20s/step  eta 1.0h
01:16:26 step   2225  loss 0.1270  l1 0.0455  kl 0.008  0.20s/step  eta 1.0h
01:16:31 step   2250  loss 0.1217  l1 0.0465  kl 0.008  0.20s/step  eta 1.0h
01:16:32   val l1 0.0436 (best 0.0432)  -> last.pt
01:16:36 step   2275  loss 0.1166  l1 0.0478  kl 0.007  0.20s/step  eta 1.0h
01:16:41 step   2300  loss 0.1212  l1 0.0499  kl 0.007  0.20s/step  eta 1.0h
01:16:45 step   2325  loss 0.1137  l1 0.0471  kl 0.007  0.20s/step  eta 1.0h
01:16:49 step   2350  loss 0.1201  l1 0.0481  kl 0.007  0.20s/step  eta 1.0h
01:16:53 step   2375  loss 0.1131  l1 0.0509  kl 0.006  0.20s/step  eta 1.0h
01:16:58 step   2400  loss 0.1099  l1 0.0475  kl 0.006  0.20s/step  eta 1.0h
01:17:02 step   2425  loss 0.1100  l1 0.0502  kl 0.006  0.20s/step  eta 1.0h
01:17:06 step   2450  loss 0.1089  l1 0.0468  kl 0.006  0.20s/step  eta 1.0h
01:17:10 step   2475  loss 0.1050  l1 0.0445  kl 0.006  0.20s/step  eta 1.0h
01:17:15 step   2500  loss 0.1039  l1 0.0454  kl 0.006  0.20s/step  eta 0.9h
01:17:16   val l1 0.0460 (best 0.0432)  -> last.pt
01:17:20 step   2525  loss 0.1046  l1 0.0431  kl 0.006  0.20s/step  eta 0.9h
01:17:24 step   2550  loss 0.1061  l1 0.0441  kl 0.006  0.20s/step  eta 0.9h
01:17:29 step   2575  loss 0.1016  l1 0.0457  kl 0.006  0.20s/step  eta 0.9h
01:17:33 step   2600  loss 0.1094  l1 0.0481  kl 0.006  0.19s/step  eta 0.9h
01:17:37 step   2625  loss 0.1041  l1 0.0448  kl 0.006  0.19s/step  eta 0.9h
01:17:42 step   2650  loss 0.1009  l1 0.0455  kl 0.006  0.19s/step  eta 0.9h
01:17:46 step   2675  loss 0.0975  l1 0.0437  kl 0.005  0.19s/step  eta 0.9h
01:17:50 step   2700  loss 0.0944  l1 0.0413  kl 0.005  0.19s/step  eta 0.9h
01:17:55 step   2725  loss 0.0949  l1 0.0427  kl 0.005  0.19s/step  eta 0.9h
01:17:59 step   2750  loss 0.0949  l1 0.0439  kl 0.005  0.19s/step  eta 0.9h
01:18:00   val l1 0.0443 (best 0.0432)  -> last.pt
01:18:06 step   2775  loss 0.0939  l1 0.0437  kl 0.005  0.19s/step  eta 0.9h
01:18:31 step   2800  loss 0.0960  l1 0.0428  kl 0.005  0.20s/step  eta 1.0h
01:18:54 step   2825  loss 0.0939  l1 0.0434  kl 0.005  0.21s/step  eta 1.0h
01:19:13 step   2850  loss 0.0899  l1 0.0413  kl 0.005  0.21s/step  eta 1.0h
01:19:24 step   2875  loss 0.0907  l1 0.0434  kl 0.005  0.21s/step  eta 1.0h
01:19:35 step   2900  loss 0.0898  l1 0.0413  kl 0.005  0.22s/step  eta 1.0h
01:19:46 step   2925  loss 0.0902  l1 0.0429  kl 0.005  0.22s/step  eta 1.0h
01:19:56 step   2950  loss 0.0865  l1 0.0407  kl 0.005  0.22s/step  eta 1.0h
01:20:07 step   2975  loss 0.0884  l1 0.0425  kl 0.005  0.22s/step  eta 1.1h
01:20:18 step   3000  loss 0.0863  l1 0.0457  kl 0.004  0.22s/step  eta 1.1h
01:20:21   val l1 0.0448 (best 0.0432)  -> last.pt
01:20:32 step   3025  loss 0.0905  l1 0.0500  kl 0.004  0.23s/step  eta 1.1h
01:21:03 step   3050  loss 0.0857  l1 0.0432  kl 0.004  0.24s/step  eta 1.1h
01:21:15 step   3075  loss 0.0860  l1 0.0435  kl 0.004  0.24s/step  eta 1.1h
01:21:27 step   3100  loss 0.0852  l1 0.0455  kl 0.004  0.24s/step  eta 1.1h
01:21:38 step   3125  loss 0.0826  l1 0.0414  kl 0.004  0.24s/step  eta 1.1h
01:22:10 step   3150  loss 0.0793  l1 0.0417  kl 0.004  0.25s/step  eta 1.2h
01:22:20 step   3175  loss 0.0815  l1 0.0426  kl 0.004  0.25s/step  eta 1.2h
01:22:30 step   3200  loss 0.0790  l1 0.0386  kl 0.004  0.25s/step  eta 1.2h
01:22:41 step   3225  loss 0.0794  l1 0.0405  kl 0.004  0.25s/step  eta 1.2h
01:22:51 step   3250  loss 0.0750  l1 0.0407  kl 0.003  0.25s/step  eta 1.2h
01:22:55   val l1 0.0381 (best 0.0381)  *  -> last.pt
01:23:37 step   3275  loss 0.0806  l1 0.0423  kl 0.004  0.27s/step  eta 1.2h
01:23:48 step   3300  loss 0.0769  l1 0.0419  kl 0.003  0.27s/step  eta 1.2h
01:24:01 step   3325  loss 0.0818  l1 0.0436  kl 0.004  0.27s/step  eta 1.2h
01:24:13 step   3350  loss 0.0755  l1 0.0395  kl 0.004  0.27s/step  eta 1.3h
01:38:38 step   3375  loss 0.0711  l1 0.0378  kl 0.003  0.53s/step  eta 2.4h
01:38:50 step   3400  loss 0.0725  l1 0.0388  kl 0.003  0.52s/step  eta 2.4h
01:39:00 step   3425  loss 0.0790  l1 0.0444  kl 0.003  0.52s/step  eta 2.4h
01:39:11 step   3450  loss 0.0731  l1 0.0405  kl 0.003  0.52s/step  eta 2.4h
01:39:20 step   3475  loss 0.0740  l1 0.0376  kl 0.004  0.52s/step  eta 2.4h
02:06:48 step   3500  loss 0.0708  l1 0.0379  kl 0.003  0.99s/step  eta 4.5h
02:24:35   val l1 0.0356 (best 0.0356)  *  -> last.pt
03:20:01 step   3525  loss 0.0687  l1 0.0379  kl 0.003  2.23s/step  eta 10.2h
03:20:15 step   3550  loss 0.0691  l1 0.0385  kl 0.003  2.22s/step  eta 10.1h
03:20:26 step   3575  loss 0.0742  l1 0.0427  kl 0.003  2.20s/step  eta 10.1h
03:35:55 step   3600  loss 0.0697  l1 0.0404  kl 0.003  2.45s/step  eta 11.1h
03:41:49 step   3625  loss 0.0686  l1 0.0400  kl 0.003  2.53s/step  eta 11.5h
03:42:01 step   3650  loss 0.0671  l1 0.0362  kl 0.003  2.51s/step  eta 11.4h
03:42:11 step   3675  loss 0.0655  l1 0.0379  kl 0.003  2.50s/step  eta 11.3h
03:42:22 step   3700  loss 0.0660  l1 0.0379  kl 0.003  2.49s/step  eta 11.3h
04:00:12 step   3725  loss 0.0663  l1 0.0378  kl 0.003  2.76s/step  eta 12.5h
04:17:14 step   3750  loss 0.0665  l1 0.0382  kl 0.003  3.01s/step  eta 13.6h
04:34:12   val l1 0.0338 (best 0.0338)  *  -> last.pt
04:50:45 step   3775  loss 0.0669  l1 0.0380  kl 0.003  3.52s/step  eta 15.9h
05:24:27 step   3800  loss 0.0621  l1 0.0353  kl 0.003  4.03s/step  eta 18.1h
05:42:11 step   3825  loss 0.0639  l1 0.0360  kl 0.003  4.28s/step  eta 19.2h
06:15:05 step   3850  loss 0.0656  l1 0.0382  kl 0.003  4.77s/step  eta 21.4h
06:50:49 step   3875  loss 0.0666  l1 0.0383  kl 0.003  5.29s/step  eta 23.7h
07:11:00 step   3900  loss 0.0636  l1 0.0368  kl 0.003  5.57s/step  eta 24.9h
07:11:15 step   3925  loss 0.0634  l1 0.0350  kl 0.003  5.54s/step  eta 24.7h
07:11:28 step   3950  loss 0.0626  l1 0.0368  kl 0.003  5.50s/step  eta 24.5h
07:11:39 step   3975  loss 0.0604  l1 0.0374  kl 0.002  5.47s/step  eta 24.4h
07:29:37 step   4000  loss 0.0582  l1 0.0344  kl 0.002  5.71s/step  eta 25.4h
07:29:39   val l1 0.0339 (best 0.0338)  -> last.pt
08:01:14 step   4025  loss 0.0622  l1 0.0380  kl 0.002  6.14s/step  eta 27.3h
08:17:59 step   4050  loss 0.0607  l1 0.0356  kl 0.003  6.35s/step  eta 28.2h
08:21:40 step   4075  loss 0.0588  l1 0.0359  kl 0.002  6.37s/step  eta 28.2h
08:21:45 step   4100  loss 0.0601  l1 0.0381  kl 0.002  6.33s/step  eta 28.0h
08:21:48 step   4125  loss 0.0595  l1 0.0372  kl 0.002  6.29s/step  eta 27.8h
08:21:51 step   4150  loss 0.0578  l1 0.0357  kl 0.002  6.26s/step  eta 27.5h
08:21:54 step   4175  loss 0.0579  l1 0.0374  kl 0.002  6.22s/step  eta 27.3h
08:21:58 step   4200  loss 0.0567  l1 0.0359  kl 0.002  6.18s/step  eta 27.1h
08:22:01 step   4225  loss 0.0562  l1 0.0351  kl 0.002  6.15s/step  eta 26.9h
08:22:04 step   4250  loss 0.0548  l1 0.0353  kl 0.002  6.11s/step  eta 26.7h
08:22:05   val l1 0.0320 (best 0.0320)  *  -> last.pt
08:22:08 step   4275  loss 0.0522  l1 0.0314  kl 0.002  6.08s/step  eta 26.5h
08:22:11 step   4300  loss 0.0532  l1 0.0335  kl 0.002  6.04s/step  eta 26.4h
08:22:14 step   4325  loss 0.0558  l1 0.0355  kl 0.002  6.01s/step  eta 26.2h
08:22:18 step   4350  loss 0.0538  l1 0.0338  kl 0.002  5.98s/step  eta 26.0h
08:22:21 step   4375  loss 0.0538  l1 0.0340  kl 0.002  5.94s/step  eta 25.8h
08:22:25 step   4400  loss 0.0573  l1 0.0356  kl 0.002  5.91s/step  eta 25.6h
08:22:28 step   4425  loss 0.0510  l1 0.0322  kl 0.002  5.88s/step  eta 25.4h
08:22:31 step   4450  loss 0.0526  l1 0.0331  kl 0.002  5.84s/step  eta 25.2h
08:22:34 step   4475  loss 0.0554  l1 0.0361  kl 0.002  5.81s/step  eta 25.1h
08:22:37 step   4500  loss 0.0567  l1 0.0387  kl 0.002  5.78s/step  eta 24.9h
08:22:38   val l1 0.0330 (best 0.0320)  -> last.pt
08:22:41 step   4525  loss 0.0518  l1 0.0344  kl 0.002  5.75s/step  eta 24.7h
08:22:44 step   4550  loss 0.0486  l1 0.0311  kl 0.002  5.72s/step  eta 24.5h
08:22:47 step   4575  loss 0.0493  l1 0.0315  kl 0.002  5.69s/step  eta 24.4h
08:22:50 step   4600  loss 0.0519  l1 0.0321  kl 0.002  5.66s/step  eta 24.2h
08:22:54 step   4625  loss 0.0510  l1 0.0325  kl 0.002  5.63s/step  eta 24.0h
08:22:57 step   4650  loss 0.0473  l1 0.0306  kl 0.002  5.60s/step  eta 23.9h
08:23:00 step   4675  loss 0.0494  l1 0.0342  kl 0.002  5.57s/step  eta 23.7h
08:23:03 step   4700  loss 0.0481  l1 0.0327  kl 0.002  5.54s/step  eta 23.5h
08:23:06 step   4725  loss 0.0475  l1 0.0329  kl 0.001  5.51s/step  eta 23.4h
08:23:09 step   4750  loss 0.0502  l1 0.0350  kl 0.002  5.48s/step  eta 23.2h
08:23:10   val l1 0.0376 (best 0.0320)  -> last.pt
08:23:13 step   4775  loss 0.0456  l1 0.0304  kl 0.002  5.45s/step  eta 23.1h
08:23:16 step   4800  loss 0.0465  l1 0.0315  kl 0.001  5.43s/step  eta 22.9h
08:23:19 step   4825  loss 0.0463  l1 0.0317  kl 0.001  5.40s/step  eta 22.8h
08:23:22 step   4850  loss 0.0476  l1 0.0320  kl 0.002  5.37s/step  eta 22.6h
08:23:25 step   4875  loss 0.0437  l1 0.0284  kl 0.002  5.35s/step  eta 22.5h
08:23:28 step   4900  loss 0.0451  l1 0.0316  kl 0.001  5.32s/step  eta 22.3h
08:23:31 step   4925  loss 0.0450  l1 0.0310  kl 0.001  5.29s/step  eta 22.2h
08:23:34 step   4950  loss 0.0437  l1 0.0303  kl 0.001  5.27s/step  eta 22.0h
08:23:37 step   4975  loss 0.0456  l1 0.0302  kl 0.002  5.24s/step  eta 21.9h
08:23:41 step   5000  loss 0.0421  l1 0.0279  kl 0.001  5.21s/step  eta 21.7h
08:23:42   val l1 0.0318 (best 0.0318)  *  -> last.pt
08:23:45 step   5025  loss 0.0432  l1 0.0315  kl 0.001  5.19s/step  eta 21.6h
08:23:48 step   5050  loss 0.0461  l1 0.0318  kl 0.001  5.16s/step  eta 21.4h
08:23:51 step   5075  loss 0.0474  l1 0.0321  kl 0.002  5.14s/step  eta 21.3h
08:23:54 step   5100  loss 0.0426  l1 0.0283  kl 0.001  5.12s/step  eta 21.2h
08:23:57 step   5125  loss 0.0407  l1 0.0279  kl 0.001  5.09s/step  eta 21.0h
08:24:00 step   5150  loss 0.0401  l1 0.0282  kl 0.001  5.07s/step  eta 20.9h
08:24:03 step   5175  loss 0.0397  l1 0.0273  kl 0.001  5.04s/step  eta 20.8h
08:24:06 step   5200  loss 0.0415  l1 0.0295  kl 0.001  5.02s/step  eta 20.6h
08:24:09 step   5225  loss 0.0442  l1 0.0310  kl 0.001  5.00s/step  eta 20.5h
08:24:13 step   5250  loss 0.0406  l1 0.0288  kl 0.001  4.97s/step  eta 20.4h
08:24:14   val l1 0.0242 (best 0.0242)  *  -> last.pt
08:24:17 step   5275  loss 0.0435  l1 0.0318  kl 0.001  4.95s/step  eta 20.2h
08:24:20 step   5300  loss 0.0398  l1 0.0288  kl 0.001  4.93s/step  eta 20.1h
08:24:23 step   5325  loss 0.0435  l1 0.0306  kl 0.001  4.90s/step  eta 20.0h
08:24:27 step   5350  loss 0.0403  l1 0.0281  kl 0.001  4.88s/step  eta 19.9h
08:24:30 step   5375  loss 0.0389  l1 0.0280  kl 0.001  4.86s/step  eta 19.7h
08:24:34 step   5400  loss 0.0398  l1 0.0291  kl 0.001  4.84s/step  eta 19.6h
08:24:37 step   5425  loss 0.0408  l1 0.0294  kl 0.001  4.82s/step  eta 19.5h
08:24:41 step   5450  loss 0.0397  l1 0.0279  kl 0.001  4.80s/step  eta 19.4h
08:24:44 step   5475  loss 0.0383  l1 0.0270  kl 0.001  4.77s/step  eta 19.3h
08:24:48 step   5500  loss 0.0404  l1 0.0302  kl 0.001  4.75s/step  eta 19.1h
08:24:48   val l1 0.0312 (best 0.0242)  -> last.pt
08:24:52 step   5525  loss 0.0391  l1 0.0279  kl 0.001  4.73s/step  eta 19.0h
08:24:55 step   5550  loss 0.0394  l1 0.0286  kl 0.001  4.71s/step  eta 18.9h
08:24:58 step   5575  loss 0.0384  l1 0.0279  kl 0.001  4.69s/step  eta 18.8h
08:25:02 step   5600  loss 0.0399  l1 0.0295  kl 0.001  4.67s/step  eta 18.7h
08:25:05 step   5625  loss 0.0396  l1 0.0286  kl 0.001  4.65s/step  eta 18.6h
08:25:08 step   5650  loss 0.0372  l1 0.0280  kl 0.001  4.63s/step  eta 18.5h
08:25:12 step   5675  loss 0.0381  l1 0.0284  kl 0.001  4.61s/step  eta 18.3h
08:25:15 step   5700  loss 0.0364  l1 0.0272  kl 0.001  4.59s/step  eta 18.2h
08:25:18 step   5725  loss 0.0372  l1 0.0278  kl 0.001  4.57s/step  eta 18.1h
08:25:22 step   5750  loss 0.0392  l1 0.0284  kl 0.001  4.55s/step  eta 18.0h
08:25:22   val l1 0.0262 (best 0.0242)  -> last.pt
08:25:26 step   5775  loss 0.0367  l1 0.0268  kl 0.001  4.53s/step  eta 17.9h
08:25:29 step   5800  loss 0.0363  l1 0.0277  kl 0.001  4.51s/step  eta 17.8h
08:25:32 step   5825  loss 0.0386  l1 0.0295  kl 0.001  4.50s/step  eta 17.7h
08:25:36 step   5850  loss 0.0355  l1 0.0268  kl 0.001  4.48s/step  eta 17.6h
08:25:39 step   5875  loss 0.0366  l1 0.0267  kl 0.001  4.46s/step  eta 17.5h
08:25:42 step   5900  loss 0.0394  l1 0.0299  kl 0.001  4.44s/step  eta 17.4h
08:25:45 step   5925  loss 0.0371  l1 0.0278  kl 0.001  4.42s/step  eta 17.3h
08:25:49 step   5950  loss 0.0342  l1 0.0252  kl 0.001  4.40s/step  eta 17.2h
08:25:53 step   5975  loss 0.0375  l1 0.0292  kl 0.001  4.39s/step  eta 17.1h
08:25:57 step   6000  loss 0.0355  l1 0.0275  kl 0.001  4.37s/step  eta 17.0h
08:25:58   val l1 0.0281 (best 0.0242)  -> last.pt
08:26:02 step   6025  loss 0.0377  l1 0.0281  kl 0.001  4.35s/step  eta 16.9h
08:26:06 step   6050  loss 0.0357  l1 0.0271  kl 0.001  4.33s/step  eta 16.8h
08:26:10 step   6075  loss 0.0360  l1 0.0277  kl 0.001  4.32s/step  eta 16.7h
08:26:15 step   6100  loss 0.0364  l1 0.0287  kl 0.001  4.30s/step  eta 16.6h
08:26:18 step   6125  loss 0.0373  l1 0.0291  kl 0.001  4.28s/step  eta 16.5h
08:26:21 step   6150  loss 0.0357  l1 0.0283  kl 0.001  4.27s/step  eta 16.4h
08:26:24 step   6175  loss 0.0329  l1 0.0249  kl 0.001  4.25s/step  eta 16.3h
08:26:27 step   6200  loss 0.0342  l1 0.0262  kl 0.001  4.23s/step  eta 16.2h
08:26:30 step   6225  loss 0.0337  l1 0.0259  kl 0.001  4.22s/step  eta 16.1h
08:26:34 step   6250  loss 0.0354  l1 0.0277  kl 0.001  4.20s/step  eta 16.0h
08:26:34   val l1 0.0251 (best 0.0242)  -> last.pt
08:26:37 step   6275  loss 0.0332  l1 0.0252  kl 0.001  4.18s/step  eta 15.9h
08:26:41 step   6300  loss 0.0327  l1 0.0254  kl 0.001  4.17s/step  eta 15.9h
08:26:46 step   6325  loss 0.0314  l1 0.0243  kl 0.001  4.15s/step  eta 15.8h
08:26:50 step   6350  loss 0.0350  l1 0.0267  kl 0.001  4.14s/step  eta 15.7h
08:26:54 step   6375  loss 0.0336  l1 0.0263  kl 0.001  4.12s/step  eta 15.6h
08:26:58 step   6400  loss 0.0341  l1 0.0269  kl 0.001  4.10s/step  eta 15.5h
08:27:02 step   6425  loss 0.0329  l1 0.0259  kl 0.001  4.09s/step  eta 15.4h
08:27:06 step   6450  loss 0.0328  l1 0.0254  kl 0.001  4.07s/step  eta 15.3h
08:27:11 step   6475  loss 0.0312  l1 0.0240  kl 0.001  4.06s/step  eta 15.3h
08:27:15 step   6500  loss 0.0336  l1 0.0267  kl 0.001  4.04s/step  eta 15.2h
08:27:16   val l1 0.0285 (best 0.0242)  -> last.pt
08:27:20 step   6525  loss 0.0328  l1 0.0261  kl 0.001  4.03s/step  eta 15.1h
08:27:24 step   6550  loss 0.0348  l1 0.0283  kl 0.001  4.01s/step  eta 15.0h
08:27:28 step   6575  loss 0.0338  l1 0.0278  kl 0.001  4.00s/step  eta 14.9h
08:27:32 step   6600  loss 0.0331  l1 0.0258  kl 0.001  3.99s/step  eta 14.8h
08:27:36 step   6625  loss 0.0333  l1 0.0263  kl 0.001  3.97s/step  eta 14.8h
08:27:41 step   6650  loss 0.0318  l1 0.0251  kl 0.001  3.96s/step  eta 14.7h
08:27:45 step   6675  loss 0.0336  l1 0.0259  kl 0.001  3.94s/step  eta 14.6h
08:27:49 step   6700  loss 0.0342  l1 0.0271  kl 0.001  3.93s/step  eta 14.5h
08:27:53 step   6725  loss 0.0341  l1 0.0274  kl 0.001  3.91s/step  eta 14.4h
08:27:57 step   6750  loss 0.0339  l1 0.0276  kl 0.001  3.90s/step  eta 14.4h
08:27:58   val l1 0.0254 (best 0.0242)  -> last.pt
08:28:02 step   6775  loss 0.0320  l1 0.0254  kl 0.001  3.89s/step  eta 14.3h
08:28:07 step   6800  loss 0.0321  l1 0.0260  kl 0.001  3.87s/step  eta 14.2h
08:28:11 step   6825  loss 0.0320  l1 0.0265  kl 0.001  3.86s/step  eta 14.1h
08:28:15 step   6850  loss 0.0309  l1 0.0253  kl 0.001  3.85s/step  eta 14.1h
08:28:19 step   6875  loss 0.0313  l1 0.0254  kl 0.001  3.83s/step  eta 14.0h
08:28:23 step   6900  loss 0.0298  l1 0.0242  kl 0.001  3.82s/step  eta 13.9h
08:28:27 step   6925  loss 0.0311  l1 0.0244  kl 0.001  3.81s/step  eta 13.8h
08:28:31 step   6950  loss 0.0316  l1 0.0259  kl 0.001  3.79s/step  eta 13.8h
08:28:35 step   6975  loss 0.0291  l1 0.0237  kl 0.001  3.78s/step  eta 13.7h
08:28:38 step   7000  loss 0.0296  l1 0.0242  kl 0.001  3.77s/step  eta 13.6h
08:28:39   val l1 0.0245 (best 0.0242)  -> last.pt
08:28:42 step   7025  loss 0.0301  l1 0.0249  kl 0.001  3.75s/step  eta 13.5h
08:28:45 step   7050  loss 0.0325  l1 0.0268  kl 0.001  3.74s/step  eta 13.5h
08:28:48 step   7075  loss 0.0326  l1 0.0270  kl 0.001  3.73s/step  eta 13.4h
08:28:52 step   7100  loss 0.0303  l1 0.0250  kl 0.001  3.72s/step  eta 13.3h
08:28:55 step   7125  loss 0.0294  l1 0.0244  kl 0.000  3.70s/step  eta 13.2h
08:28:59 step   7150  loss 0.0297  l1 0.0249  kl 0.000  3.69s/step  eta 13.2h
08:29:02 step   7175  loss 0.0298  l1 0.0243  kl 0.001  3.68s/step  eta 13.1h
08:29:06 step   7200  loss 0.0296  l1 0.0249  kl 0.000  3.67s/step  eta 13.0h
08:29:10 step   7225  loss 0.0297  l1 0.0247  kl 0.000  3.65s/step  eta 13.0h
08:29:14 step   7250  loss 0.0279  l1 0.0230  kl 0.000  3.64s/step  eta 12.9h
08:29:15   val l1 0.0235 (best 0.0235)  *  -> last.pt
08:29:20 step   7275  loss 0.0288  l1 0.0237  kl 0.001  3.63s/step  eta 12.8h
08:29:24 step   7300  loss 0.0297  l1 0.0246  kl 0.001  3.62s/step  eta 12.8h
08:29:28 step   7325  loss 0.0275  l1 0.0231  kl 0.000  3.61s/step  eta 12.7h
08:29:31 step   7350  loss 0.0293  l1 0.0254  kl 0.000  3.60s/step  eta 12.6h
08:29:34 step   7375  loss 0.0315  l1 0.0269  kl 0.000  3.58s/step  eta 12.6h
08:29:38 step   7400  loss 0.0259  l1 0.0214  kl 0.000  3.57s/step  eta 12.5h
08:29:41 step   7425  loss 0.0282  l1 0.0236  kl 0.000  3.56s/step  eta 12.4h
08:29:44 step   7450  loss 0.0303  l1 0.0256  kl 0.000  3.55s/step  eta 12.4h
08:29:48 step   7475  loss 0.0269  l1 0.0227  kl 0.000  3.54s/step  eta 12.3h
08:29:51 step   7500  loss 0.0293  l1 0.0249  kl 0.000  3.53s/step  eta 12.2h
08:29:52   val l1 0.0256 (best 0.0235)  -> last.pt
08:29:55 step   7525  loss 0.0303  l1 0.0254  kl 0.000  3.51s/step  eta 12.2h
08:29:59 step   7550  loss 0.0290  l1 0.0249  kl 0.000  3.50s/step  eta 12.1h
08:30:03 step   7575  loss 0.0280  l1 0.0230  kl 0.001  3.49s/step  eta 12.1h
08:30:06 step   7600  loss 0.0280  l1 0.0232  kl 0.000  3.48s/step  eta 12.0h
08:30:10 step   7625  loss 0.0281  l1 0.0231  kl 0.000  3.47s/step  eta 11.9h
08:30:13 step   7650  loss 0.0268  l1 0.0222  kl 0.000  3.46s/step  eta 11.9h
08:30:16 step   7675  loss 0.0267  l1 0.0226  kl 0.000  3.45s/step  eta 11.8h
08:30:19 step   7700  loss 0.0290  l1 0.0243  kl 0.000  3.44s/step  eta 11.7h
08:30:23 step   7725  loss 0.0273  l1 0.0234  kl 0.000  3.43s/step  eta 11.7h
08:30:26 step   7750  loss 0.0286  l1 0.0237  kl 0.000  3.42s/step  eta 11.6h
08:30:27   val l1 0.0257 (best 0.0235)  -> last.pt
08:30:30 step   7775  loss 0.0267  l1 0.0226  kl 0.000  3.41s/step  eta 11.6h
08:30:34 step   7800  loss 0.0263  l1 0.0221  kl 0.000  3.40s/step  eta 11.5h
08:30:38 step   7825  loss 0.0287  l1 0.0245  kl 0.000  3.39s/step  eta 11.4h
08:30:43 step   7850  loss 0.0290  l1 0.0246  kl 0.000  3.38s/step  eta 11.4h
08:30:47 step   7875  loss 0.0274  l1 0.0237  kl 0.000  3.37s/step  eta 11.3h
08:30:52 step   7900  loss 0.0262  l1 0.0226  kl 0.000  3.36s/step  eta 11.3h
08:30:57 step   7925  loss 0.0279  l1 0.0237  kl 0.000  3.35s/step  eta 11.2h
08:31:02 step   7950  loss 0.0260  l1 0.0225  kl 0.000  3.34s/step  eta 11.2h
08:31:06 step   7975  loss 0.0292  l1 0.0246  kl 0.000  3.33s/step  eta 11.1h
08:31:11 step   8000  loss 0.0267  l1 0.0232  kl 0.000  3.32s/step  eta 11.1h
08:31:13   val l1 0.0228 (best 0.0228)  *  -> last.pt
08:31:18 step   8025  loss 0.0266  l1 0.0231  kl 0.000  3.31s/step  eta 11.0h
08:31:22 step   8050  loss 0.0269  l1 0.0231  kl 0.000  3.30s/step  eta 10.9h
08:31:27 step   8075  loss 0.0264  l1 0.0228  kl 0.000  3.29s/step  eta 10.9h
08:31:32 step   8100  loss 0.0260  l1 0.0223  kl 0.000  3.28s/step  eta 10.8h
08:31:36 step   8125  loss 0.0268  l1 0.0234  kl 0.000  3.27s/step  eta 10.8h
08:31:41 step   8150  loss 0.0245  l1 0.0209  kl 0.000  3.26s/step  eta 10.7h
08:31:45 step   8175  loss 0.0266  l1 0.0228  kl 0.000  3.25s/step  eta 10.7h
08:31:50 step   8200  loss 0.0260  l1 0.0227  kl 0.000  3.24s/step  eta 10.6h
08:31:55 step   8225  loss 0.0264  l1 0.0217  kl 0.000  3.23s/step  eta 10.6h
08:32:00 step   8250  loss 0.0242  l1 0.0204  kl 0.000  3.22s/step  eta 10.5h
08:32:02   val l1 0.0291 (best 0.0228)  -> last.pt
08:32:06 step   8275  loss 0.0256  l1 0.0224  kl 0.000  3.21s/step  eta 10.5h
08:32:11 step   8300  loss 0.0251  l1 0.0219  kl 0.000  3.20s/step  eta 10.4h
08:32:16 step   8325  loss 0.0249  l1 0.0215  kl 0.000  3.19s/step  eta 10.4h
08:32:20 step   8350  loss 0.0256  l1 0.0220  kl 0.000  3.18s/step  eta 10.3h
08:32:25 step   8375  loss 0.0270  l1 0.0215  kl 0.001  3.18s/step  eta 10.3h
08:32:30 step   8400  loss 0.0269  l1 0.0234  kl 0.000  3.17s/step  eta 10.2h
08:32:35 step   8425  loss 0.0260  l1 0.0224  kl 0.000  3.16s/step  eta 10.2h
08:32:39 step   8450  loss 0.0234  l1 0.0201  kl 0.000  3.15s/step  eta 10.1h
08:32:44 step   8475  loss 0.0257  l1 0.0227  kl 0.000  3.14s/step  eta 10.1h
08:32:49 step   8500  loss 0.0250  l1 0.0218  kl 0.000  3.13s/step  eta 10.0h
08:32:50   val l1 0.0232 (best 0.0228)  -> last.pt
08:32:55 step   8525  loss 0.0260  l1 0.0221  kl 0.000  3.12s/step  eta 10.0h
08:33:00 step   8550  loss 0.0279  l1 0.0246  kl 0.000  3.12s/step  eta 9.9h
08:33:05 step   8575  loss 0.0245  l1 0.0211  kl 0.000  3.11s/step  eta 9.9h
08:33:10 step   8600  loss 0.0232  l1 0.0200  kl 0.000  3.10s/step  eta 9.8h
08:33:15 step   8625  loss 0.0242  l1 0.0211  kl 0.000  3.09s/step  eta 9.8h
08:33:20 step   8650  loss 0.0248  l1 0.0215  kl 0.000  3.08s/step  eta 9.7h
08:33:25 step   8675  loss 0.0245  l1 0.0213  kl 0.000  3.07s/step  eta 9.7h
08:33:30 step   8700  loss 0.0252  l1 0.0215  kl 0.000  3.06s/step  eta 9.6h
08:33:34 step   8725  loss 0.0246  l1 0.0209  kl 0.000  3.06s/step  eta 9.6h
08:33:39 step   8750  loss 0.0240  l1 0.0208  kl 0.000  3.05s/step  eta 9.5h
08:33:41   val l1 0.0240 (best 0.0228)  -> last.pt
08:33:46 step   8775  loss 0.0242  l1 0.0208  kl 0.000  3.04s/step  eta 9.5h
08:33:52 step   8800  loss 0.0238  l1 0.0214  kl 0.000  3.03s/step  eta 9.4h
08:34:00 step   8825  loss 0.0249  l1 0.0222  kl 0.000  3.02s/step  eta 9.4h
08:34:08 step   8850  loss 0.0249  l1 0.0222  kl 0.000  3.02s/step  eta 9.3h
08:34:16 step   8875  loss 0.0247  l1 0.0220  kl 0.000  3.01s/step  eta 9.3h
08:34:22 step   8900  loss 0.0246  l1 0.0221  kl 0.000  3.00s/step  eta 9.3h
08:34:27 step   8925  loss 0.0246  l1 0.0216  kl 0.000  2.99s/step  eta 9.2h
08:34:33 step   8950  loss 0.0266  l1 0.0233  kl 0.000  2.99s/step  eta 9.2h
08:34:38 step   8975  loss 0.0250  l1 0.0217  kl 0.000  2.98s/step  eta 9.1h
08:34:43 step   9000  loss 0.0237  l1 0.0204  kl 0.000  2.97s/step  eta 9.1h
08:34:45   val l1 0.0228 (best 0.0228)  *  -> last.pt
08:34:51 step   9025  loss 0.0236  l1 0.0205  kl 0.000  2.96s/step  eta 9.0h
08:34:56 step   9050  loss 0.0232  l1 0.0207  kl 0.000  2.96s/step  eta 9.0h
08:35:01 step   9075  loss 0.0237  l1 0.0212  kl 0.000  2.95s/step  eta 8.9h
08:35:06 step   9100  loss 0.0225  l1 0.0194  kl 0.000  2.94s/step  eta 8.9h
08:35:11 step   9125  loss 0.0230  l1 0.0198  kl 0.000  2.93s/step  eta 8.9h
08:35:16 step   9150  loss 0.0252  l1 0.0217  kl 0.000  2.93s/step  eta 8.8h
08:35:21 step   9175  loss 0.0238  l1 0.0202  kl 0.000  2.92s/step  eta 8.8h
08:35:25 step   9200  loss 0.0249  l1 0.0221  kl 0.000  2.91s/step  eta 8.7h
08:35:30 step   9225  loss 0.0236  l1 0.0207  kl 0.000  2.90s/step  eta 8.7h
08:35:34 step   9250  loss 0.0230  l1 0.0205  kl 0.000  2.90s/step  eta 8.6h
08:35:35   val l1 0.0273 (best 0.0228)  -> last.pt
08:35:40 step   9275  loss 0.0224  l1 0.0200  kl 0.000  2.89s/step  eta 8.6h
08:35:44 step   9300  loss 0.0211  l1 0.0189  kl 0.000  2.88s/step  eta 8.6h
08:35:49 step   9325  loss 0.0224  l1 0.0198  kl 0.000  2.87s/step  eta 8.5h
08:35:53 step   9350  loss 0.0233  l1 0.0207  kl 0.000  2.87s/step  eta 8.5h
08:35:58 step   9375  loss 0.0238  l1 0.0210  kl 0.000  2.86s/step  eta 8.4h
08:36:02 step   9400  loss 0.0241  l1 0.0214  kl 0.000  2.85s/step  eta 8.4h
08:36:07 step   9425  loss 0.0265  l1 0.0241  kl 0.000  2.85s/step  eta 8.4h
08:36:13 step   9450  loss 0.0271  l1 0.0248  kl 0.000  2.84s/step  eta 8.3h
08:36:17 step   9475  loss 0.0255  l1 0.0234  kl 0.000  2.83s/step  eta 8.3h
08:36:22 step   9500  loss 0.0238  l1 0.0216  kl 0.000  2.82s/step  eta 8.2h
08:36:23   val l1 0.0253 (best 0.0228)  -> last.pt
08:36:27 step   9525  loss 0.0235  l1 0.0211  kl 0.000  2.82s/step  eta 8.2h
08:36:31 step   9550  loss 0.0217  l1 0.0189  kl 0.000  2.81s/step  eta 8.2h
08:36:36 step   9575  loss 0.0221  l1 0.0199  kl 0.000  2.80s/step  eta 8.1h
08:36:40 step   9600  loss 0.0230  l1 0.0207  kl 0.000  2.80s/step  eta 8.1h
08:36:44 step   9625  loss 0.0238  l1 0.0218  kl 0.000  2.79s/step  eta 8.0h
08:36:49 step   9650  loss 0.0238  l1 0.0214  kl 0.000  2.78s/step  eta 8.0h
08:36:53 step   9675  loss 0.0238  l1 0.0211  kl 0.000  2.78s/step  eta 8.0h
08:36:58 step   9700  loss 0.0224  l1 0.0201  kl 0.000  2.77s/step  eta 7.9h
08:37:02 step   9725  loss 0.0218  l1 0.0194  kl 0.000  2.76s/step  eta 7.9h
08:37:06 step   9750  loss 0.0210  l1 0.0187  kl 0.000  2.76s/step  eta 7.8h
08:37:07   val l1 0.0255 (best 0.0228)  -> last.pt
08:37:12 step   9775  loss 0.0211  l1 0.0191  kl 0.000  2.75s/step  eta 7.8h
08:37:16 step   9800  loss 0.0225  l1 0.0207  kl 0.000  2.74s/step  eta 7.8h
08:37:20 step   9825  loss 0.0226  l1 0.0206  kl 0.000  2.74s/step  eta 7.7h
08:37:25 step   9850  loss 0.0225  l1 0.0206  kl 0.000  2.73s/step  eta 7.7h
08:37:29 step   9875  loss 0.0207  l1 0.0188  kl 0.000  2.72s/step  eta 7.7h
08:37:34 step   9900  loss 0.0230  l1 0.0209  kl 0.000  2.72s/step  eta 7.6h
08:37:38 step   9925  loss 0.0216  l1 0.0196  kl 0.000  2.71s/step  eta 7.6h
08:37:42 step   9950  loss 0.0218  l1 0.0198  kl 0.000  2.71s/step  eta 7.6h
08:37:47 step   9975  loss 0.0212  l1 0.0188  kl 0.000  2.70s/step  eta 7.5h
08:37:51 step  10000  loss 0.0247  l1 0.0226  kl 0.000  2.69s/step  eta 7.5h
08:37:52   val l1 0.0232 (best 0.0228)  -> last.pt
08:37:56 step  10025  loss 0.0227  l1 0.0203  kl 0.000  2.69s/step  eta 7.4h
08:38:01 step  10050  loss 0.0227  l1 0.0193  kl 0.000  2.68s/step  eta 7.4h
08:38:05 step  10075  loss 0.0217  l1 0.0197  kl 0.000  2.67s/step  eta 7.4h
08:38:10 step  10100  loss 0.0236  l1 0.0208  kl 0.000  2.67s/step  eta 7.3h
08:38:14 step  10125  loss 0.0221  l1 0.0198  kl 0.000  2.66s/step  eta 7.3h
08:38:18 step  10150  loss 0.0202  l1 0.0182  kl 0.000  2.66s/step  eta 7.3h
08:38:23 step  10175  loss 0.0226  l1 0.0208  kl 0.000  2.65s/step  eta 7.2h
08:38:27 step  10200  loss 0.0233  l1 0.0212  kl 0.000  2.64s/step  eta 7.2h
08:38:32 step  10225  loss 0.0238  l1 0.0213  kl 0.000  2.64s/step  eta 7.2h
08:38:36 step  10250  loss 0.0213  l1 0.0191  kl 0.000  2.63s/step  eta 7.1h
08:38:38   val l1 0.0213 (best 0.0213)  *  -> last.pt
08:38:42 step  10275  loss 0.0206  l1 0.0181  kl 0.000  2.63s/step  eta 7.1h
08:38:47 step  10300  loss 0.0193  l1 0.0175  kl 0.000  2.62s/step  eta 7.1h
08:38:51 step  10325  loss 0.0222  l1 0.0205  kl 0.000  2.61s/step  eta 7.0h
08:38:56 step  10350  loss 0.0226  l1 0.0210  kl 0.000  2.61s/step  eta 7.0h
08:39:00 step  10375  loss 0.0228  l1 0.0207  kl 0.000  2.60s/step  eta 7.0h
08:39:04 step  10400  loss 0.0218  l1 0.0197  kl 0.000  2.60s/step  eta 6.9h
08:39:09 step  10425  loss 0.0211  l1 0.0190  kl 0.000  2.59s/step  eta 6.9h
08:39:13 step  10450  loss 0.0224  l1 0.0202  kl 0.000  2.58s/step  eta 6.9h
08:39:18 step  10475  loss 0.0209  l1 0.0186  kl 0.000  2.58s/step  eta 6.8h
08:39:22 step  10500  loss 0.0207  l1 0.0190  kl 0.000  2.57s/step  eta 6.8h
08:39:24   val l1 0.0202 (best 0.0202)  *  -> last.pt
08:39:28 step  10525  loss 0.0194  l1 0.0171  kl 0.000  2.57s/step  eta 6.8h
08:39:33 step  10550  loss 0.0224  l1 0.0202  kl 0.000  2.56s/step  eta 6.7h
08:39:37 step  10575  loss 0.0216  l1 0.0191  kl 0.000  2.56s/step  eta 6.7h
08:39:42 step  10600  loss 0.0200  l1 0.0174  kl 0.000  2.55s/step  eta 6.7h
08:39:46 step  10625  loss 0.0205  l1 0.0186  kl 0.000  2.54s/step  eta 6.6h
08:39:50 step  10650  loss 0.0225  l1 0.0207  kl 0.000  2.54s/step  eta 6.6h
08:39:55 step  10675  loss 0.0227  l1 0.0200  kl 0.000  2.53s/step  eta 6.6h
08:39:59 step  10700  loss 0.0207  l1 0.0185  kl 0.000  2.53s/step  eta 6.5h
08:40:04 step  10725  loss 0.0216  l1 0.0199  kl 0.000  2.52s/step  eta 6.5h
08:40:08 step  10750  loss 0.0219  l1 0.0202  kl 0.000  2.52s/step  eta 6.5h
08:40:09   val l1 0.0210 (best 0.0202)  -> last.pt
08:40:14 step  10775  loss 0.0217  l1 0.0201  kl 0.000  2.51s/step  eta 6.4h
08:40:18 step  10800  loss 0.0227  l1 0.0202  kl 0.000  2.51s/step  eta 6.4h
08:40:22 step  10825  loss 0.0210  l1 0.0193  kl 0.000  2.50s/step  eta 6.4h
08:40:27 step  10850  loss 0.0215  l1 0.0194  kl 0.000  2.50s/step  eta 6.3h
08:40:31 step  10875  loss 0.0242  l1 0.0221  kl 0.000  2.49s/step  eta 6.3h
08:40:36 step  10900  loss 0.0229  l1 0.0212  kl 0.000  2.49s/step  eta 6.3h
08:40:40 step  10925  loss 0.0224  l1 0.0205  kl 0.000  2.48s/step  eta 6.3h
08:40:44 step  10950  loss 0.0229  l1 0.0212  kl 0.000  2.47s/step  eta 6.2h
08:40:49 step  10975  loss 0.0232  l1 0.0211  kl 0.000  2.47s/step  eta 6.2h
08:40:53 step  11000  loss 0.0218  l1 0.0194  kl 0.000  2.46s/step  eta 6.2h
08:40:54   val l1 0.0212 (best 0.0202)  -> last.pt
08:40:59 step  11025  loss 0.0198  l1 0.0179  kl 0.000  2.46s/step  eta 6.1h
08:41:04 step  11050  loss 0.0212  l1 0.0197  kl 0.000  2.45s/step  eta 6.1h
08:41:08 step  11075  loss 0.0213  l1 0.0198  kl 0.000  2.45s/step  eta 6.1h
08:41:13 step  11100  loss 0.0220  l1 0.0204  kl 0.000  2.44s/step  eta 6.0h
08:41:18 step  11125  loss 0.0217  l1 0.0199  kl 0.000  2.44s/step  eta 6.0h
08:41:23 step  11150  loss 0.0212  l1 0.0189  kl 0.000  2.43s/step  eta 6.0h
08:41:27 step  11175  loss 0.0204  l1 0.0184  kl 0.000  2.43s/step  eta 6.0h
08:41:34 step  11200  loss 0.0194  l1 0.0175  kl 0.000  2.42s/step  eta 5.9h
08:41:38 step  11225  loss 0.0205  l1 0.0186  kl 0.000  2.42s/step  eta 5.9h
08:41:43 step  11250  loss 0.0193  l1 0.0177  kl 0.000  2.41s/step  eta 5.9h
08:41:44   val l1 0.0214 (best 0.0202)  -> last.pt
08:41:48 step  11275  loss 0.0214  l1 0.0196  kl 0.000  2.41s/step  eta 5.8h
08:41:53 step  11300  loss 0.0218  l1 0.0202  kl 0.000  2.40s/step  eta 5.8h
08:41:58 step  11325  loss 0.0215  l1 0.0199  kl 0.000  2.40s/step  eta 5.8h
08:42:02 step  11350  loss 0.0208  l1 0.0192  kl 0.000  2.39s/step  eta 5.8h
08:42:07 step  11375  loss 0.0212  l1 0.0193  kl 0.000  2.39s/step  eta 5.7h
08:42:13 step  11400  loss 0.0198  l1 0.0183  kl 0.000  2.38s/step  eta 5.7h
08:42:18 step  11425  loss 0.0197  l1 0.0183  kl 0.000  2.38s/step  eta 5.7h
08:42:22 step  11450  loss 0.0199  l1 0.0183  kl 0.000  2.38s/step  eta 5.6h
08:42:27 step  11475  loss 0.0203  l1 0.0186  kl 0.000  2.37s/step  eta 5.6h
08:42:31 step  11500  loss 0.0199  l1 0.0181  kl 0.000  2.37s/step  eta 5.6h
08:42:32   val l1 0.0228 (best 0.0202)  -> last.pt
08:42:37 step  11525  loss 0.0194  l1 0.0170  kl 0.000  2.36s/step  eta 5.6h
08:42:41 step  11550  loss 0.0211  l1 0.0190  kl 0.000  2.36s/step  eta 5.5h
08:42:46 step  11575  loss 0.0204  l1 0.0178  kl 0.000  2.35s/step  eta 5.5h
08:42:50 step  11600  loss 0.0218  l1 0.0190  kl 0.000  2.35s/step  eta 5.5h
08:42:54 step  11625  loss 0.0209  l1 0.0182  kl 0.000  2.34s/step  eta 5.4h
08:42:59 step  11650  loss 0.0230  l1 0.0200  kl 0.000  2.34s/step  eta 5.4h
08:43:03 step  11675  loss 0.0193  l1 0.0170  kl 0.000  2.33s/step  eta 5.4h
08:43:08 step  11700  loss 0.0185  l1 0.0168  kl 0.000  2.33s/step  eta 5.4h
08:43:12 step  11725  loss 0.0208  l1 0.0193  kl 0.000  2.32s/step  eta 5.3h
08:43:16 step  11750  loss 0.0223  l1 0.0209  kl 0.000  2.32s/step  eta 5.3h
08:43:17   val l1 0.0225 (best 0.0202)  -> last.pt
08:43:22 step  11775  loss 0.0202  l1 0.0189  kl 0.000  2.31s/step  eta 5.3h
08:43:27 step  11800  loss 0.0209  l1 0.0197  kl 0.000  2.31s/step  eta 5.3h
08:43:32 step  11825  loss 0.0189  l1 0.0177  kl 0.000  2.31s/step  eta 5.2h
08:43:37 step  11850  loss 0.0187  l1 0.0174  kl 0.000  2.30s/step  eta 5.2h
08:43:41 step  11875  loss 0.0178  l1 0.0164  kl 0.000  2.30s/step  eta 5.2h
08:43:46 step  11900  loss 0.0199  l1 0.0182  kl 0.000  2.29s/step  eta 5.2h
08:43:51 step  11925  loss 0.0175  l1 0.0162  kl 0.000  2.29s/step  eta 5.1h
08:43:56 step  11950  loss 0.0187  l1 0.0174  kl 0.000  2.28s/step  eta 5.1h
08:44:01 step  11975  loss 0.0201  l1 0.0185  kl 0.000  2.28s/step  eta 5.1h
08:44:05 step  12000  loss 0.0200  l1 0.0183  kl 0.000  2.27s/step  eta 5.1h
08:44:07   val l1 0.0228 (best 0.0202)  -> last.pt
08:44:11 step  12025  loss 0.0190  l1 0.0173  kl 0.000  2.27s/step  eta 5.0h
08:44:16 step  12050  loss 0.0215  l1 0.0183  kl 0.000  2.27s/step  eta 5.0h
08:44:21 step  12075  loss 0.0177  l1 0.0161  kl 0.000  2.26s/step  eta 5.0h
08:44:26 step  12100  loss 0.0187  l1 0.0168  kl 0.000  2.26s/step  eta 5.0h
08:44:31 step  12125  loss 0.0197  l1 0.0171  kl 0.000  2.25s/step  eta 4.9h
08:44:37 step  12150  loss 0.0202  l1 0.0186  kl 0.000  2.25s/step  eta 4.9h
08:44:42 step  12175  loss 0.0220  l1 0.0206  kl 0.000  2.25s/step  eta 4.9h
08:44:46 step  12200  loss 0.0215  l1 0.0200  kl 0.000  2.24s/step  eta 4.9h
08:44:51 step  12225  loss 0.0198  l1 0.0186  kl 0.000  2.24s/step  eta 4.8h
08:44:55 step  12250  loss 0.0197  l1 0.0181  kl 0.000  2.23s/step  eta 4.8h
08:44:57   val l1 0.0228 (best 0.0202)  -> last.pt
08:45:01 step  12275  loss 0.0204  l1 0.0186  kl 0.000  2.23s/step  eta 4.8h
08:45:06 step  12300  loss 0.0196  l1 0.0176  kl 0.000  2.22s/step  eta 4.8h
08:45:10 step  12325  loss 0.0192  l1 0.0176  kl 0.000  2.22s/step  eta 4.7h
08:45:15 step  12350  loss 0.0204  l1 0.0192  kl 0.000  2.22s/step  eta 4.7h
08:45:19 step  12375  loss 0.0180  l1 0.0167  kl 0.000  2.21s/step  eta 4.7h
08:45:24 step  12400  loss 0.0202  l1 0.0186  kl 0.000  2.21s/step  eta 4.7h
08:45:28 step  12425  loss 0.0210  l1 0.0197  kl 0.000  2.20s/step  eta 4.6h
08:45:33 step  12450  loss 0.0188  l1 0.0175  kl 0.000  2.20s/step  eta 4.6h
08:45:37 step  12475  loss 0.0189  l1 0.0173  kl 0.000  2.20s/step  eta 4.6h
08:45:42 step  12500  loss 0.0197  l1 0.0183  kl 0.000  2.19s/step  eta 4.6h
08:45:43   val l1 0.0239 (best 0.0202)  -> last.pt
08:45:47 step  12525  loss 0.0194  l1 0.0181  kl 0.000  2.19s/step  eta 4.5h
08:45:52 step  12550  loss 0.0204  l1 0.0180  kl 0.000  2.18s/step  eta 4.5h
08:45:56 step  12575  loss 0.0199  l1 0.0180  kl 0.000  2.18s/step  eta 4.5h
08:46:01 step  12600  loss 0.0185  l1 0.0171  kl 0.000  2.18s/step  eta 4.5h
08:46:05 step  12625  loss 0.0195  l1 0.0183  kl 0.000  2.17s/step  eta 4.4h
08:46:10 step  12650  loss 0.0201  l1 0.0187  kl 0.000  2.17s/step  eta 4.4h
08:46:14 step  12675  loss 0.0197  l1 0.0182  kl 0.000  2.16s/step  eta 4.4h
08:46:19 step  12700  loss 0.0185  l1 0.0172  kl 0.000  2.16s/step  eta 4.4h
08:46:24 step  12725  loss 0.0187  l1 0.0175  kl 0.000  2.16s/step  eta 4.4h
08:46:28 step  12750  loss 0.0183  l1 0.0172  kl 0.000  2.15s/step  eta 4.3h
08:46:29   val l1 0.0218 (best 0.0202)  -> last.pt
08:46:34 step  12775  loss 0.0182  l1 0.0172  kl 0.000  2.15s/step  eta 4.3h
08:46:39 step  12800  loss 0.0191  l1 0.0180  kl 0.000  2.14s/step  eta 4.3h
08:46:43 step  12825  loss 0.0194  l1 0.0182  kl 0.000  2.14s/step  eta 4.3h
08:46:48 step  12850  loss 0.0184  l1 0.0174  kl 0.000  2.14s/step  eta 4.2h
08:46:53 step  12875  loss 0.0187  l1 0.0174  kl 0.000  2.13s/step  eta 4.2h
08:46:59 step  12900  loss 0.0195  l1 0.0186  kl 0.000  2.13s/step  eta 4.2h
08:47:06 step  12925  loss 0.0188  l1 0.0177  kl 0.000  2.13s/step  eta 4.2h
08:47:12 step  12950  loss 0.0191  l1 0.0178  kl 0.000  2.12s/step  eta 4.2h
08:47:17 step  12975  loss 0.0195  l1 0.0182  kl 0.000  2.12s/step  eta 4.1h
08:47:22 step  13000  loss 0.0184  l1 0.0174  kl 0.000  2.12s/step  eta 4.1h
08:47:24   val l1 0.0212 (best 0.0202)  -> last.pt
08:47:29 step  13025  loss 0.0195  l1 0.0183  kl 0.000  2.11s/step  eta 4.1h
08:47:33 step  13050  loss 0.0187  l1 0.0175  kl 0.000  2.11s/step  eta 4.1h
08:47:38 step  13075  loss 0.0179  l1 0.0168  kl 0.000  2.10s/step  eta 4.0h
08:47:43 step  13100  loss 0.0194  l1 0.0184  kl 0.000  2.10s/step  eta 4.0h
08:47:47 step  13125  loss 0.0184  l1 0.0174  kl 0.000  2.10s/step  eta 4.0h
08:47:52 step  13150  loss 0.0194  l1 0.0182  kl 0.000  2.09s/step  eta 4.0h
08:47:57 step  13175  loss 0.0196  l1 0.0185  kl 0.000  2.09s/step  eta 4.0h
08:48:02 step  13200  loss 0.0191  l1 0.0180  kl 0.000  2.09s/step  eta 3.9h
08:48:07 step  13225  loss 0.0191  l1 0.0181  kl 0.000  2.08s/step  eta 3.9h
08:48:11 step  13250  loss 0.0187  l1 0.0178  kl 0.000  2.08s/step  eta 3.9h
08:48:14   val l1 0.0196 (best 0.0196)  *  -> last.pt
08:48:19 step  13275  loss 0.0188  l1 0.0175  kl 0.000  2.08s/step  eta 3.9h
08:48:23 step  13300  loss 0.0182  l1 0.0170  kl 0.000  2.07s/step  eta 3.9h
08:48:29 step  13325  loss 0.0198  l1 0.0185  kl 0.000  2.07s/step  eta 3.8h
08:48:33 step  13350  loss 0.0189  l1 0.0180  kl 0.000  2.06s/step  eta 3.8h
08:48:40 step  13375  loss 0.0175  l1 0.0162  kl 0.000  2.06s/step  eta 3.8h
08:48:45 step  13400  loss 0.0183  l1 0.0174  kl 0.000  2.06s/step  eta 3.8h
08:48:50 step  13425  loss 0.0186  l1 0.0177  kl 0.000  2.05s/step  eta 3.8h
08:48:55 step  13450  loss 0.0188  l1 0.0180  kl 0.000  2.05s/step  eta 3.7h
08:49:00 step  13475  loss 0.0203  l1 0.0193  kl 0.000  2.05s/step  eta 3.7h
08:49:05 step  13500  loss 0.0179  l1 0.0169  kl 0.000  2.04s/step  eta 3.7h
08:49:06   val l1 0.0235 (best 0.0196)  -> last.pt
08:49:11 step  13525  loss 0.0199  l1 0.0189  kl 0.000  2.04s/step  eta 3.7h
08:49:16 step  13550  loss 0.0186  l1 0.0177  kl 0.000  2.04s/step  eta 3.7h
08:49:21 step  13575  loss 0.0178  l1 0.0168  kl 0.000  2.03s/step  eta 3.6h
08:49:25 step  13600  loss 0.0178  l1 0.0168  kl 0.000  2.03s/step  eta 3.6h
08:49:31 step  13625  loss 0.0179  l1 0.0170  kl 0.000  2.03s/step  eta 3.6h
08:49:36 step  13650  loss 0.0185  l1 0.0177  kl 0.000  2.02s/step  eta 3.6h
08:49:40 step  13675  loss 0.0175  l1 0.0167  kl 0.000  2.02s/step  eta 3.6h
08:49:45 step  13700  loss 0.0198  l1 0.0181  kl 0.000  2.02s/step  eta 3.5h
08:49:50 step  13725  loss 0.0181  l1 0.0168  kl 0.000  2.01s/step  eta 3.5h
08:49:55 step  13750  loss 0.0168  l1 0.0159  kl 0.000  2.01s/step  eta 3.5h
08:49:56   val l1 0.0209 (best 0.0196)  -> last.pt
08:50:01 step  13775  loss 0.0176  l1 0.0167  kl 0.000  2.01s/step  eta 3.5h
08:50:07 step  13800  loss 0.0165  l1 0.0157  kl 0.000  2.00s/step  eta 3.5h
08:50:11 step  13825  loss 0.0164  l1 0.0155  kl 0.000  2.00s/step  eta 3.4h
08:50:17 step  13850  loss 0.0186  l1 0.0177  kl 0.000  2.00s/step  eta 3.4h
08:50:22 step  13875  loss 0.0171  l1 0.0158  kl 0.000  1.99s/step  eta 3.4h
08:50:27 step  13900  loss 0.0168  l1 0.0159  kl 0.000  1.99s/step  eta 3.4h
08:50:31 step  13925  loss 0.0165  l1 0.0156  kl 0.000  1.99s/step  eta 3.4h
08:50:36 step  13950  loss 0.0178  l1 0.0169  kl 0.000  1.98s/step  eta 3.3h
08:50:40 step  13975  loss 0.0192  l1 0.0182  kl 0.000  1.98s/step  eta 3.3h
08:50:44 step  14000  loss 0.0198  l1 0.0190  kl 0.000  1.98s/step  eta 3.3h
08:50:46   val l1 0.0236 (best 0.0196)  -> last.pt
08:50:50 step  14025  loss 0.0190  l1 0.0180  kl 0.000  1.98s/step  eta 3.3h
08:50:55 step  14050  loss 0.0173  l1 0.0162  kl 0.000  1.97s/step  eta 3.3h
08:51:01 step  14075  loss 0.0180  l1 0.0166  kl 0.000  1.97s/step  eta 3.2h
08:51:05 step  14100  loss 0.0165  l1 0.0156  kl 0.000  1.97s/step  eta 3.2h
08:51:10 step  14125  loss 0.0168  l1 0.0160  kl 0.000  1.96s/step  eta 3.2h
08:51:15 step  14150  loss 0.0165  l1 0.0157  kl 0.000  1.96s/step  eta 3.2h
08:51:20 step  14175  loss 0.0184  l1 0.0170  kl 0.000  1.96s/step  eta 3.2h
08:51:25 step  14200  loss 0.0187  l1 0.0177  kl 0.000  1.95s/step  eta 3.1h
08:51:29 step  14225  loss 0.0181  l1 0.0168  kl 0.000  1.95s/step  eta 3.1h
08:51:34 step  14250  loss 0.0173  l1 0.0164  kl 0.000  1.95s/step  eta 3.1h
08:51:35   val l1 0.0219 (best 0.0196)  -> last.pt
08:51:39 step  14275  loss 0.0180  l1 0.0170  kl 0.000  1.94s/step  eta 3.1h
08:51:44 step  14300  loss 0.0180  l1 0.0171  kl 0.000  1.94s/step  eta 3.1h
08:51:48 step  14325  loss 0.0179  l1 0.0169  kl 0.000  1.94s/step  eta 3.1h
08:51:53 step  14350  loss 0.0180  l1 0.0170  kl 0.000  1.93s/step  eta 3.0h
08:51:58 step  14375  loss 0.0176  l1 0.0167  kl 0.000  1.93s/step  eta 3.0h
08:52:02 step  14400  loss 0.0189  l1 0.0181  kl 0.000  1.93s/step  eta 3.0h
08:52:07 step  14425  loss 0.0189  l1 0.0181  kl 0.000  1.93s/step  eta 3.0h
08:52:11 step  14450  loss 0.0169  l1 0.0158  kl 0.000  1.92s/step  eta 3.0h
08:52:16 step  14475  loss 0.0166  l1 0.0158  kl 0.000  1.92s/step  eta 2.9h
08:52:21 step  14500  loss 0.0177  l1 0.0170  kl 0.000  1.92s/step  eta 2.9h
08:52:22   val l1 0.0247 (best 0.0196)  -> last.pt
08:52:27 step  14525  loss 0.0175  l1 0.0167  kl 0.000  1.91s/step  eta 2.9h
08:52:31 step  14550  loss 0.0169  l1 0.0162  kl 0.000  1.91s/step  eta 2.9h
08:52:36 step  14575  loss 0.0166  l1 0.0159  kl 0.000  1.91s/step  eta 2.9h
08:52:41 step  14600  loss 0.0169  l1 0.0158  kl 0.000  1.91s/step  eta 2.9h
08:52:46 step  14625  loss 0.0172  l1 0.0163  kl 0.000  1.90s/step  eta 2.8h
08:52:51 step  14650  loss 0.0176  l1 0.0160  kl 0.000  1.90s/step  eta 2.8h
08:52:56 step  14675  loss 0.0155  l1 0.0142  kl 0.000  1.90s/step  eta 2.8h
08:53:01 step  14700  loss 0.0163  l1 0.0154  kl 0.000  1.89s/step  eta 2.8h
08:53:05 step  14725  loss 0.0167  l1 0.0155  kl 0.000  1.89s/step  eta 2.8h
08:53:10 step  14750  loss 0.0183  l1 0.0172  kl 0.000  1.89s/step  eta 2.8h
08:53:12   val l1 0.0230 (best 0.0196)  -> last.pt
08:53:16 step  14775  loss 0.0179  l1 0.0169  kl 0.000  1.88s/step  eta 2.7h
08:53:21 step  14800  loss 0.0181  l1 0.0172  kl 0.000  1.88s/step  eta 2.7h
08:53:26 step  14825  loss 0.0174  l1 0.0166  kl 0.000  1.88s/step  eta 2.7h
08:53:31 step  14850  loss 0.0164  l1 0.0157  kl 0.000  1.88s/step  eta 2.7h
08:53:35 step  14875  loss 0.0158  l1 0.0151  kl 0.000  1.87s/step  eta 2.7h
08:53:41 step  14900  loss 0.0159  l1 0.0148  kl 0.000  1.87s/step  eta 2.7h
08:53:46 step  14925  loss 0.0170  l1 0.0162  kl 0.000  1.87s/step  eta 2.6h
08:53:51 step  14950  loss 0.0167  l1 0.0159  kl 0.000  1.87s/step  eta 2.6h
08:53:55 step  14975  loss 0.0180  l1 0.0161  kl 0.000  1.86s/step  eta 2.6h
08:54:01 step  15000  loss 0.0176  l1 0.0167  kl 0.000  1.86s/step  eta 2.6h
08:54:02   val l1 0.0220 (best 0.0196)  -> last.pt
08:54:06 step  15025  loss 0.0172  l1 0.0163  kl 0.000  1.86s/step  eta 2.6h
08:54:11 step  15050  loss 0.0180  l1 0.0170  kl 0.000  1.85s/step  eta 2.5h
08:54:15 step  15075  loss 0.0164  l1 0.0155  kl 0.000  1.85s/step  eta 2.5h
08:54:20 step  15100  loss 0.0165  l1 0.0155  kl 0.000  1.85s/step  eta 2.5h
08:54:24 step  15125  loss 0.0163  l1 0.0153  kl 0.000  1.85s/step  eta 2.5h
08:54:29 step  15150  loss 0.0188  l1 0.0180  kl 0.000  1.84s/step  eta 2.5h
08:54:34 step  15175  loss 0.0166  l1 0.0159  kl 0.000  1.84s/step  eta 2.5h
08:54:39 step  15200  loss 0.0169  l1 0.0162  kl 0.000  1.84s/step  eta 2.5h
08:54:44 step  15225  loss 0.0160  l1 0.0150  kl 0.000  1.84s/step  eta 2.4h
08:54:49 step  15250  loss 0.0161  l1 0.0153  kl 0.000  1.83s/step  eta 2.4h
08:54:51   val l1 0.0203 (best 0.0196)  -> last.pt
08:54:55 step  15275  loss 0.0162  l1 0.0155  kl 0.000  1.83s/step  eta 2.4h
08:55:00 step  15300  loss 0.0164  l1 0.0157  kl 0.000  1.83s/step  eta 2.4h
08:55:05 step  15325  loss 0.0157  l1 0.0150  kl 0.000  1.82s/step  eta 2.4h
08:55:09 step  15350  loss 0.0167  l1 0.0160  kl 0.000  1.82s/step  eta 2.4h
08:55:15 step  15375  loss 0.0165  l1 0.0158  kl 0.000  1.82s/step  eta 2.3h
08:55:20 step  15400  loss 0.0167  l1 0.0159  kl 0.000  1.82s/step  eta 2.3h
08:55:24 step  15425  loss 0.0172  l1 0.0164  kl 0.000  1.81s/step  eta 2.3h
08:55:29 step  15450  loss 0.0157  l1 0.0148  kl 0.000  1.81s/step  eta 2.3h
08:55:34 step  15475  loss 0.0170  l1 0.0162  kl 0.000  1.81s/step  eta 2.3h
08:55:39 step  15500  loss 0.0175  l1 0.0164  kl 0.000  1.81s/step  eta 2.3h
08:55:40   val l1 0.0217 (best 0.0196)  -> last.pt
08:55:45 step  15525  loss 0.0158  l1 0.0148  kl 0.000  1.80s/step  eta 2.2h
08:55:49 step  15550  loss 0.0179  l1 0.0169  kl 0.000  1.80s/step  eta 2.2h
08:55:54 step  15575  loss 0.0169  l1 0.0162  kl 0.000  1.80s/step  eta 2.2h
08:56:00 step  15600  loss 0.0162  l1 0.0156  kl 0.000  1.80s/step  eta 2.2h
08:56:04 step  15625  loss 0.0167  l1 0.0159  kl 0.000  1.79s/step  eta 2.2h
08:56:10 step  15650  loss 0.0170  l1 0.0163  kl 0.000  1.79s/step  eta 2.2h
08:56:16 step  15675  loss 0.0169  l1 0.0163  kl 0.000  1.79s/step  eta 2.1h
08:56:20 step  15700  loss 0.0163  l1 0.0157  kl 0.000  1.79s/step  eta 2.1h
08:56:25 step  15725  loss 0.0162  l1 0.0157  kl 0.000  1.78s/step  eta 2.1h
08:56:30 step  15750  loss 0.0178  l1 0.0171  kl 0.000  1.78s/step  eta 2.1h
08:56:31   val l1 0.0230 (best 0.0196)  -> last.pt
08:56:36 step  15775  loss 0.0169  l1 0.0161  kl 0.000  1.78s/step  eta 2.1h
08:56:41 step  15800  loss 0.0169  l1 0.0163  kl 0.000  1.78s/step  eta 2.1h
08:56:46 step  15825  loss 0.0163  l1 0.0155  kl 0.000  1.77s/step  eta 2.1h
08:56:50 step  15850  loss 0.0164  l1 0.0157  kl 0.000  1.77s/step  eta 2.0h
08:56:55 step  15875  loss 0.0158  l1 0.0151  kl 0.000  1.77s/step  eta 2.0h
08:57:00 step  15900  loss 0.0162  l1 0.0154  kl 0.000  1.77s/step  eta 2.0h
08:57:05 step  15925  loss 0.0158  l1 0.0151  kl 0.000  1.76s/step  eta 2.0h
08:57:10 step  15950  loss 0.0173  l1 0.0167  kl 0.000  1.76s/step  eta 2.0h
08:57:14 step  15975  loss 0.0171  l1 0.0160  kl 0.000  1.76s/step  eta 2.0h
08:57:19 step  16000  loss 0.0161  l1 0.0152  kl 0.000  1.76s/step  eta 2.0h
08:57:20   val l1 0.0230 (best 0.0196)  -> last.pt
08:57:25 step  16025  loss 0.0155  l1 0.0146  kl 0.000  1.75s/step  eta 1.9h
08:57:30 step  16050  loss 0.0175  l1 0.0168  kl 0.000  1.75s/step  eta 1.9h
08:57:36 step  16075  loss 0.0179  l1 0.0172  kl 0.000  1.75s/step  eta 1.9h
08:57:41 step  16100  loss 0.0153  l1 0.0147  kl 0.000  1.75s/step  eta 1.9h
08:57:45 step  16125  loss 0.0176  l1 0.0170  kl 0.000  1.74s/step  eta 1.9h
08:57:50 step  16150  loss 0.0184  l1 0.0178  kl 0.000  1.74s/step  eta 1.9h
08:57:55 step  16175  loss 0.0176  l1 0.0169  kl 0.000  1.74s/step  eta 1.8h
08:58:01 step  16200  loss 0.0166  l1 0.0160  kl 0.000  1.74s/step  eta 1.8h
08:58:07 step  16225  loss 0.0164  l1 0.0157  kl 0.000  1.73s/step  eta 1.8h
08:58:14 step  16250  loss 0.0157  l1 0.0151  kl 0.000  1.73s/step  eta 1.8h
08:58:16   val l1 0.0193 (best 0.0193)  *  -> last.pt
08:58:22 step  16275  loss 0.0157  l1 0.0151  kl 0.000  1.73s/step  eta 1.8h
08:58:31 step  16300  loss 0.0167  l1 0.0163  kl 0.000  1.73s/step  eta 1.8h
08:58:39 step  16325  loss 0.0154  l1 0.0147  kl 0.000  1.73s/step  eta 1.8h
08:58:48 step  16350  loss 0.0161  l1 0.0156  kl 0.000  1.72s/step  eta 1.7h
08:58:55 step  16375  loss 0.0163  l1 0.0157  kl 0.000  1.72s/step  eta 1.7h
08:59:03 step  16400  loss 0.0168  l1 0.0162  kl 0.000  1.72s/step  eta 1.7h
08:59:10 step  16425  loss 0.0159  l1 0.0153  kl 0.000  1.72s/step  eta 1.7h
08:59:16 step  16450  loss 0.0155  l1 0.0149  kl 0.000  1.71s/step  eta 1.7h
08:59:22 step  16475  loss 0.0170  l1 0.0164  kl 0.000  1.71s/step  eta 1.7h
08:59:28 step  16500  loss 0.0169  l1 0.0163  kl 0.000  1.71s/step  eta 1.7h
08:59:29   val l1 0.0257 (best 0.0193)  -> last.pt
08:59:36 step  16525  loss 0.0173  l1 0.0168  kl 0.000  1.71s/step  eta 1.6h
08:59:43 step  16550  loss 0.0162  l1 0.0156  kl 0.000  1.71s/step  eta 1.6h
08:59:51 step  16575  loss 0.0169  l1 0.0164  kl 0.000  1.70s/step  eta 1.6h
08:59:58 step  16600  loss 0.0166  l1 0.0162  kl 0.000  1.70s/step  eta 1.6h
09:00:06 step  16625  loss 0.0167  l1 0.0163  kl 0.000  1.70s/step  eta 1.6h
09:00:16 step  16650  loss 0.0164  l1 0.0159  kl 0.000  1.70s/step  eta 1.6h
09:00:26 step  16675  loss 0.0165  l1 0.0160  kl 0.000  1.70s/step  eta 1.6h
09:00:35 step  16700  loss 0.0172  l1 0.0167  kl 0.000  1.69s/step  eta 1.6h
09:00:43 step  16725  loss 0.0161  l1 0.0155  kl 0.000  1.69s/step  eta 1.5h
09:00:51 step  16750  loss 0.0161  l1 0.0154  kl 0.000  1.69s/step  eta 1.5h
09:00:53   val l1 0.0174 (best 0.0174)  *  -> last.pt
09:01:01 step  16775  loss 0.0155  l1 0.0150  kl 0.000  1.69s/step  eta 1.5h
09:01:09 step  16800  loss 0.0143  l1 0.0138  kl 0.000  1.69s/step  eta 1.5h
09:01:19 step  16825  loss 0.0155  l1 0.0150  kl 0.000  1.68s/step  eta 1.5h
09:01:27 step  16850  loss 0.0163  l1 0.0159  kl 0.000  1.68s/step  eta 1.5h
09:01:36 step  16875  loss 0.0168  l1 0.0164  kl 0.000  1.68s/step  eta 1.5h
09:01:45 step  16900  loss 0.0155  l1 0.0150  kl 0.000  1.68s/step  eta 1.4h
09:01:53 step  16925  loss 0.0154  l1 0.0150  kl 0.000  1.68s/step  eta 1.4h
09:02:01 step  16950  loss 0.0170  l1 0.0166  kl 0.000  1.67s/step  eta 1.4h
09:02:08 step  16975  loss 0.0157  l1 0.0153  kl 0.000  1.67s/step  eta 1.4h
09:02:15 step  17000  loss 0.0162  l1 0.0156  kl 0.000  1.67s/step  eta 1.4h
09:02:16   val l1 0.0198 (best 0.0174)  -> last.pt
09:02:24 step  17025  loss 0.0169  l1 0.0164  kl 0.000  1.67s/step  eta 1.4h
09:02:32 step  17050  loss 0.0167  l1 0.0161  kl 0.000  1.67s/step  eta 1.4h
09:02:41 step  17075  loss 0.0159  l1 0.0153  kl 0.000  1.66s/step  eta 1.4h
09:02:49 step  17100  loss 0.0162  l1 0.0156  kl 0.000  1.66s/step  eta 1.3h
09:02:58 step  17125  loss 0.0149  l1 0.0143  kl 0.000  1.66s/step  eta 1.3h
09:03:08 step  17150  loss 0.0161  l1 0.0156  kl 0.000  1.66s/step  eta 1.3h
09:03:16 step  17175  loss 0.0143  l1 0.0138  kl 0.000  1.66s/step  eta 1.3h
09:03:27 step  17200  loss 0.0148  l1 0.0144  kl 0.000  1.65s/step  eta 1.3h
09:03:34 step  17225  loss 0.0157  l1 0.0152  kl 0.000  1.65s/step  eta 1.3h
09:03:41 step  17250  loss 0.0164  l1 0.0158  kl 0.000  1.65s/step  eta 1.3h
09:03:43   val l1 0.0238 (best 0.0174)  -> last.pt
09:03:52 step  17275  loss 0.0169  l1 0.0164  kl 0.000  1.65s/step  eta 1.2h
09:03:59 step  17300  loss 0.0159  l1 0.0154  kl 0.000  1.65s/step  eta 1.2h
09:04:09 step  17325  loss 0.0158  l1 0.0154  kl 0.000  1.65s/step  eta 1.2h
09:04:18 step  17350  loss 0.0160  l1 0.0156  kl 0.000  1.64s/step  eta 1.2h
09:04:25 step  17375  loss 0.0173  l1 0.0168  kl 0.000  1.64s/step  eta 1.2h
09:04:32 step  17400  loss 0.0179  l1 0.0175  kl 0.000  1.64s/step  eta 1.2h
09:04:39 step  17425  loss 0.0158  l1 0.0153  kl 0.000  1.64s/step  eta 1.2h
09:04:44 step  17450  loss 0.0167  l1 0.0163  kl 0.000  1.64s/step  eta 1.2h
09:04:49 step  17475  loss 0.0149  l1 0.0145  kl 0.000  1.63s/step  eta 1.1h
09:04:53 step  17500  loss 0.0158  l1 0.0154  kl 0.000  1.63s/step  eta 1.1h
09:04:54   val l1 0.0205 (best 0.0174)  -> last.pt
09:04:59 step  17525  loss 0.0149  l1 0.0145  kl 0.000  1.63s/step  eta 1.1h
09:05:04 step  17550  loss 0.0158  l1 0.0154  kl 0.000  1.63s/step  eta 1.1h
09:05:08 step  17575  loss 0.0154  l1 0.0149  kl 0.000  1.63s/step  eta 1.1h
09:05:13 step  17600  loss 0.0152  l1 0.0147  kl 0.000  1.62s/step  eta 1.1h
09:05:20 step  17625  loss 0.0146  l1 0.0140  kl 0.000  1.62s/step  eta 1.1h
09:05:27 step  17650  loss 0.0145  l1 0.0138  kl 0.000  1.62s/step  eta 1.1h
09:05:34 step  17675  loss 0.0140  l1 0.0135  kl 0.000  1.62s/step  eta 1.0h
09:05:40 step  17700  loss 0.0158  l1 0.0154  kl 0.000  1.62s/step  eta 1.0h
09:05:48 step  17725  loss 0.0159  l1 0.0152  kl 0.000  1.61s/step  eta 1.0h
09:05:55 step  17750  loss 0.0138  l1 0.0132  kl 0.000  1.61s/step  eta 1.0h
09:05:57   val l1 0.0204 (best 0.0174)  -> last.pt
09:06:05 step  17775  loss 0.0139  l1 0.0134  kl 0.000  1.61s/step  eta 1.0h
09:06:13 step  17800  loss 0.0153  l1 0.0147  kl 0.000  1.61s/step  eta 1.0h
09:06:21 step  17825  loss 0.0147  l1 0.0142  kl 0.000  1.61s/step  eta 1.0h
09:06:29 step  17850  loss 0.0157  l1 0.0151  kl 0.000  1.60s/step  eta 1.0h
09:06:36 step  17875  loss 0.0147  l1 0.0143  kl 0.000  1.60s/step  eta 0.9h
09:06:43 step  17900  loss 0.0145  l1 0.0140  kl 0.000  1.60s/step  eta 0.9h
09:06:50 step  17925  loss 0.0148  l1 0.0142  kl 0.000  1.60s/step  eta 0.9h
09:06:58 step  17950  loss 0.0145  l1 0.0141  kl 0.000  1.60s/step  eta 0.9h
09:07:06 step  17975  loss 0.0152  l1 0.0149  kl 0.000  1.60s/step  eta 0.9h
09:07:15 step  18000  loss 0.0163  l1 0.0159  kl 0.000  1.59s/step  eta 0.9h
09:07:17   val l1 0.0197 (best 0.0174)  -> last.pt
09:07:25 step  18025  loss 0.0149  l1 0.0143  kl 0.000  1.59s/step  eta 0.9h
09:07:33 step  18050  loss 0.0161  l1 0.0157  kl 0.000  1.59s/step  eta 0.9h
09:07:42 step  18075  loss 0.0159  l1 0.0154  kl 0.000  1.59s/step  eta 0.8h
09:07:52 step  18100  loss 0.0160  l1 0.0154  kl 0.000  1.59s/step  eta 0.8h
09:08:00 step  18125  loss 0.0164  l1 0.0160  kl 0.000  1.59s/step  eta 0.8h
09:08:09 step  18150  loss 0.0147  l1 0.0142  kl 0.000  1.58s/step  eta 0.8h
09:08:19 step  18175  loss 0.0131  l1 0.0126  kl 0.000  1.58s/step  eta 0.8h
09:08:29 step  18200  loss 0.0143  l1 0.0138  kl 0.000  1.58s/step  eta 0.8h
09:08:40 step  18225  loss 0.0144  l1 0.0137  kl 0.000  1.58s/step  eta 0.8h
09:08:52 step  18250  loss 0.0149  l1 0.0143  kl 0.000  1.58s/step  eta 0.8h
09:08:54   val l1 0.0210 (best 0.0174)  -> last.pt
09:09:02 step  18275  loss 0.0149  l1 0.0144  kl 0.000  1.58s/step  eta 0.8h
09:09:10 step  18300  loss 0.0139  l1 0.0134  kl 0.000  1.57s/step  eta 0.7h
09:09:17 step  18325  loss 0.0153  l1 0.0148  kl 0.000  1.57s/step  eta 0.7h
09:09:25 step  18350  loss 0.0172  l1 0.0168  kl 0.000  1.57s/step  eta 0.7h
09:09:32 step  18375  loss 0.0168  l1 0.0164  kl 0.000  1.57s/step  eta 0.7h
09:09:40 step  18400  loss 0.0155  l1 0.0148  kl 0.000  1.57s/step  eta 0.7h
09:09:48 step  18425  loss 0.0147  l1 0.0143  kl 0.000  1.57s/step  eta 0.7h
09:09:55 step  18450  loss 0.0147  l1 0.0143  kl 0.000  1.56s/step  eta 0.7h
09:10:05 step  18475  loss 0.0152  l1 0.0148  kl 0.000  1.56s/step  eta 0.7h
09:10:15 step  18500  loss 0.0155  l1 0.0151  kl 0.000  1.56s/step  eta 0.7h
09:10:17   val l1 0.0202 (best 0.0174)  -> last.pt
09:10:26 step  18525  loss 0.0153  l1 0.0148  kl 0.000  1.56s/step  eta 0.6h
09:10:37 step  18550  loss 0.0152  l1 0.0148  kl 0.000  1.56s/step  eta 0.6h
09:10:45 step  18575  loss 0.0151  l1 0.0146  kl 0.000  1.56s/step  eta 0.6h
09:10:53 step  18600  loss 0.0142  l1 0.0137  kl 0.000  1.55s/step  eta 0.6h
09:11:00 step  18625  loss 0.0148  l1 0.0144  kl 0.000  1.55s/step  eta 0.6h
09:11:06 step  18650  loss 0.0156  l1 0.0150  kl 0.000  1.55s/step  eta 0.6h
09:11:14 step  18675  loss 0.0153  l1 0.0146  kl 0.000  1.55s/step  eta 0.6h
09:11:21 step  18700  loss 0.0151  l1 0.0146  kl 0.000  1.55s/step  eta 0.6h
09:11:27 step  18725  loss 0.0145  l1 0.0141  kl 0.000  1.55s/step  eta 0.5h
09:11:34 step  18750  loss 0.0159  l1 0.0154  kl 0.000  1.54s/step  eta 0.5h
09:11:36   val l1 0.0206 (best 0.0174)  -> last.pt
09:11:44 step  18775  loss 0.0154  l1 0.0150  kl 0.000  1.54s/step  eta 0.5h
09:11:53 step  18800  loss 0.0152  l1 0.0149  kl 0.000  1.54s/step  eta 0.5h
09:12:01 step  18825  loss 0.0149  l1 0.0145  kl 0.000  1.54s/step  eta 0.5h
09:12:08 step  18850  loss 0.0159  l1 0.0155  kl 0.000  1.54s/step  eta 0.5h
09:12:14 step  18875  loss 0.0146  l1 0.0142  kl 0.000  1.54s/step  eta 0.5h
09:12:20 step  18900  loss 0.0153  l1 0.0150  kl 0.000  1.53s/step  eta 0.5h
09:12:28 step  18925  loss 0.0151  l1 0.0147  kl 0.000  1.53s/step  eta 0.5h
09:12:36 step  18950  loss 0.0148  l1 0.0143  kl 0.000  1.53s/step  eta 0.4h
09:12:42 step  18975  loss 0.0154  l1 0.0150  kl 0.000  1.53s/step  eta 0.4h
09:12:49 step  19000  loss 0.0162  l1 0.0158  kl 0.000  1.53s/step  eta 0.4h
09:12:51   val l1 0.0201 (best 0.0174)  -> last.pt
09:12:58 step  19025  loss 0.0151  l1 0.0148  kl 0.000  1.53s/step  eta 0.4h
09:13:06 step  19050  loss 0.0144  l1 0.0141  kl 0.000  1.52s/step  eta 0.4h
09:13:13 step  19075  loss 0.0164  l1 0.0160  kl 0.000  1.52s/step  eta 0.4h
09:13:20 step  19100  loss 0.0155  l1 0.0151  kl 0.000  1.52s/step  eta 0.4h
09:13:25 step  19125  loss 0.0164  l1 0.0160  kl 0.000  1.52s/step  eta 0.4h
09:13:31 step  19150  loss 0.0153  l1 0.0149  kl 0.000  1.52s/step  eta 0.4h
09:13:38 step  19175  loss 0.0142  l1 0.0138  kl 0.000  1.52s/step  eta 0.3h
09:13:45 step  19200  loss 0.0136  l1 0.0132  kl 0.000  1.51s/step  eta 0.3h
09:13:52 step  19225  loss 0.0146  l1 0.0142  kl 0.000  1.51s/step  eta 0.3h
09:14:00 step  19250  loss 0.0146  l1 0.0143  kl 0.000  1.51s/step  eta 0.3h
09:14:02   val l1 0.0269 (best 0.0174)  -> last.pt
09:14:09 step  19275  loss 0.0156  l1 0.0152  kl 0.000  1.51s/step  eta 0.3h
09:14:17 step  19300  loss 0.0155  l1 0.0152  kl 0.000  1.51s/step  eta 0.3h
09:14:24 step  19325  loss 0.0147  l1 0.0144  kl 0.000  1.51s/step  eta 0.3h
09:14:32 step  19350  loss 0.0157  l1 0.0154  kl 0.000  1.51s/step  eta 0.3h
09:14:40 step  19375  loss 0.0134  l1 0.0131  kl 0.000  1.50s/step  eta 0.3h
09:14:47 step  19400  loss 0.0130  l1 0.0127  kl 0.000  1.50s/step  eta 0.3h
09:14:54 step  19425  loss 0.0137  l1 0.0134  kl 0.000  1.50s/step  eta 0.2h
09:15:02 step  19450  loss 0.0153  l1 0.0149  kl 0.000  1.50s/step  eta 0.2h
09:15:09 step  19475  loss 0.0158  l1 0.0153  kl 0.000  1.50s/step  eta 0.2h
09:15:16 step  19500  loss 0.0138  l1 0.0133  kl 0.000  1.50s/step  eta 0.2h
09:15:18   val l1 0.0197 (best 0.0174)  -> last.pt
09:15:25 step  19525  loss 0.0133  l1 0.0130  kl 0.000  1.49s/step  eta 0.2h
09:15:33 step  19550  loss 0.0142  l1 0.0139  kl 0.000  1.49s/step  eta 0.2h
09:15:40 step  19575  loss 0.0142  l1 0.0139  kl 0.000  1.49s/step  eta 0.2h
09:15:47 step  19600  loss 0.0147  l1 0.0143  kl 0.000  1.49s/step  eta 0.2h
09:15:54 step  19625  loss 0.0146  l1 0.0140  kl 0.000  1.49s/step  eta 0.2h
09:16:01 step  19650  loss 0.0145  l1 0.0141  kl 0.000  1.49s/step  eta 0.1h
09:16:08 step  19675  loss 0.0145  l1 0.0142  kl 0.000  1.49s/step  eta 0.1h
09:16:16 step  19700  loss 0.0147  l1 0.0144  kl 0.000  1.48s/step  eta 0.1h
09:16:25 step  19725  loss 0.0151  l1 0.0147  kl 0.000  1.48s/step  eta 0.1h
09:16:33 step  19750  loss 0.0145  l1 0.0142  kl 0.000  1.48s/step  eta 0.1h
09:16:35   val l1 0.0167 (best 0.0167)  *  -> last.pt
09:16:43 step  19775  loss 0.0158  l1 0.0154  kl 0.000  1.48s/step  eta 0.1h
09:16:51 step  19800  loss 0.0144  l1 0.0139  kl 0.000  1.48s/step  eta 0.1h
09:16:59 step  19825  loss 0.0136  l1 0.0131  kl 0.000  1.48s/step  eta 0.1h
09:17:08 step  19850  loss 0.0145  l1 0.0141  kl 0.000  1.48s/step  eta 0.1h
09:17:17 step  19875  loss 0.0145  l1 0.0142  kl 0.000  1.47s/step  eta 0.1h
09:17:25 step  19900  loss 0.0150  l1 0.0146  kl 0.000  1.47s/step  eta 0.0h
09:17:33 step  19925  loss 0.0142  l1 0.0133  kl 0.000  1.47s/step  eta 0.0h
09:17:43 step  19950  loss 0.0142  l1 0.0132  kl 0.000  1.47s/step  eta 0.0h
09:17:52 step  19975  loss 0.0139  l1 0.0133  kl 0.000  1.47s/step  eta 0.0h
09:18:02 step  20000  loss 0.0133  l1 0.0127  kl 0.000  1.47s/step  eta 0.0h
09:18:04   val l1 0.0180 (best 0.0167)  -> last.pt
09:18:04 done
